Archive member included to satisfy reference by file (symbol)

l:/st/stm32cubeide_1.5.1/stm32cubeide/plugins/com.st.stm32cube.ide.mcu.externaltools.gnu-tools-for-stm32.9-2020-q2-update.win32_2.0.0.202105311346/tools/bin/../lib/gcc/arm-none-eabi/9.3.1/../../../../arm-none-eabi/lib/thumb/v7-m/nofp\libc_nano.a(lib_a-errno.o)
                              ./Core/Src/syscalls.o (__errno)
l:/st/stm32cubeide_1.5.1/stm32cubeide/plugins/com.st.stm32cube.ide.mcu.externaltools.gnu-tools-for-stm32.9-2020-q2-update.win32_2.0.0.202105311346/tools/bin/../lib/gcc/arm-none-eabi/9.3.1/../../../../arm-none-eabi/lib/thumb/v7-m/nofp\libc_nano.a(lib_a-exit.o)
                              l:/st/stm32cubeide_1.5.1/stm32cubeide/plugins/com.st.stm32cube.ide.mcu.externaltools.gnu-tools-for-stm32.9-2020-q2-update.win32_2.0.0.202105311346/tools/bin/../lib/gcc/arm-none-eabi/9.3.1/../../../../arm-none-eabi/lib/thumb/v7-m/nofp/crt0.o (exit)
l:/st/stm32cubeide_1.5.1/stm32cubeide/plugins/com.st.stm32cube.ide.mcu.externaltools.gnu-tools-for-stm32.9-2020-q2-update.win32_2.0.0.202105311346/tools/bin/../lib/gcc/arm-none-eabi/9.3.1/../../../../arm-none-eabi/lib/thumb/v7-m/nofp\libc_nano.a(lib_a-impure.o)
                              l:/st/stm32cubeide_1.5.1/stm32cubeide/plugins/com.st.stm32cube.ide.mcu.externaltools.gnu-tools-for-stm32.9-2020-q2-update.win32_2.0.0.202105311346/tools/bin/../lib/gcc/arm-none-eabi/9.3.1/../../../../arm-none-eabi/lib/thumb/v7-m/nofp\libc_nano.a(lib_a-exit.o) (_global_impure_ptr)
l:/st/stm32cubeide_1.5.1/stm32cubeide/plugins/com.st.stm32cube.ide.mcu.externaltools.gnu-tools-for-stm32.9-2020-q2-update.win32_2.0.0.202105311346/tools/bin/../lib/gcc/arm-none-eabi/9.3.1/../../../../arm-none-eabi/lib/thumb/v7-m/nofp\libc_nano.a(lib_a-init.o)
                              l:/st/stm32cubeide_1.5.1/stm32cubeide/plugins/com.st.stm32cube.ide.mcu.externaltools.gnu-tools-for-stm32.9-2020-q2-update.win32_2.0.0.202105311346/tools/bin/../lib/gcc/arm-none-eabi/9.3.1/../../../../arm-none-eabi/lib/thumb/v7-m/nofp/crt0.o (__libc_init_array)
l:/st/stm32cubeide_1.5.1/stm32cubeide/plugins/com.st.stm32cube.ide.mcu.externaltools.gnu-tools-for-stm32.9-2020-q2-update.win32_2.0.0.202105311346/tools/bin/../lib/gcc/arm-none-eabi/9.3.1/../../../../arm-none-eabi/lib/thumb/v7-m/nofp\libc_nano.a(lib_a-malloc.o)
                              ./Middlewares/Third_Party/FreeRTOS/Source/portable/MemMang/heap_3.o (malloc)
l:/st/stm32cubeide_1.5.1/stm32cubeide/plugins/com.st.stm32cube.ide.mcu.externaltools.gnu-tools-for-stm32.9-2020-q2-update.win32_2.0.0.202105311346/tools/bin/../lib/gcc/arm-none-eabi/9.3.1/../../../../arm-none-eabi/lib/thumb/v7-m/nofp\libc_nano.a(lib_a-memcpy-stub.o)
                              ./Middlewares/Third_Party/FreeRTOS/Source/CMSIS_RTOS_V2/cmsis_os2.o (memcpy)
l:/st/stm32cubeide_1.5.1/stm32cubeide/plugins/com.st.stm32cube.ide.mcu.externaltools.gnu-tools-for-stm32.9-2020-q2-update.win32_2.0.0.202105311346/tools/bin/../lib/gcc/arm-none-eabi/9.3.1/../../../../arm-none-eabi/lib/thumb/v7-m/nofp\libc_nano.a(lib_a-memset.o)
                              l:/st/stm32cubeide_1.5.1/stm32cubeide/plugins/com.st.stm32cube.ide.mcu.externaltools.gnu-tools-for-stm32.9-2020-q2-update.win32_2.0.0.202105311346/tools/bin/../lib/gcc/arm-none-eabi/9.3.1/../../../../arm-none-eabi/lib/thumb/v7-m/nofp/crt0.o (memset)
l:/st/stm32cubeide_1.5.1/stm32cubeide/plugins/com.st.stm32cube.ide.mcu.externaltools.gnu-tools-for-stm32.9-2020-q2-update.win32_2.0.0.202105311346/tools/bin/../lib/gcc/arm-none-eabi/9.3.1/../../../../arm-none-eabi/lib/thumb/v7-m/nofp\libc_nano.a(lib_a-nano-freer.o)
                              l:/st/stm32cubeide_1.5.1/stm32cubeide/plugins/com.st.stm32cube.ide.mcu.externaltools.gnu-tools-for-stm32.9-2020-q2-update.win32_2.0.0.202105311346/tools/bin/../lib/gcc/arm-none-eabi/9.3.1/../../../../arm-none-eabi/lib/thumb/v7-m/nofp\libc_nano.a(lib_a-malloc.o) (_free_r)
l:/st/stm32cubeide_1.5.1/stm32cubeide/plugins/com.st.stm32cube.ide.mcu.externaltools.gnu-tools-for-stm32.9-2020-q2-update.win32_2.0.0.202105311346/tools/bin/../lib/gcc/arm-none-eabi/9.3.1/../../../../arm-none-eabi/lib/thumb/v7-m/nofp\libc_nano.a(lib_a-nano-mallocr.o)
                              l:/st/stm32cubeide_1.5.1/stm32cubeide/plugins/com.st.stm32cube.ide.mcu.externaltools.gnu-tools-for-stm32.9-2020-q2-update.win32_2.0.0.202105311346/tools/bin/../lib/gcc/arm-none-eabi/9.3.1/../../../../arm-none-eabi/lib/thumb/v7-m/nofp\libc_nano.a(lib_a-malloc.o) (_malloc_r)
l:/st/stm32cubeide_1.5.1/stm32cubeide/plugins/com.st.stm32cube.ide.mcu.externaltools.gnu-tools-for-stm32.9-2020-q2-update.win32_2.0.0.202105311346/tools/bin/../lib/gcc/arm-none-eabi/9.3.1/../../../../arm-none-eabi/lib/thumb/v7-m/nofp\libc_nano.a(lib_a-sbrkr.o)
[...]
Memory Configuration

Name             Origin             Length             Attributes
RAM              0x0000000020000000 0x0000000000005000 xrw
FLASH            0x0000000008000000 0x0000000000010000 xr
*default*        0x0000000000000000 0xffffffffffffffff

Linker script and memory map

LOAD l:/st/stm32cubeide_1.5.1/stm32cubeide/plugins/com.st.stm32cube.ide.mcu.externaltools.gnu-tools-for-stm32.9-2020-q2-update.win32_2.0.0.202105311346/tools/bin/../lib/gcc/arm-none-eabi/9.3.1/thumb/v7-m/nofp/crti.o
LOAD l:/st/stm32cubeide_1.5.1/stm32cubeide/plugins/com.st.stm32cube.ide.mcu.externaltools.gnu-tools-for-stm32.9-2020-q2-update.win32_2.0.0.202105311346/tools/bin/../lib/gcc/arm-none-eabi/9.3.1/thumb/v7-m/nofp/crtbegin.o
LOAD l:/st/stm32cubeide_1.5.1/stm32cubeide/plugins/com.st.stm32cube.ide.mcu.externaltools.gnu-tools-for-stm32.9-2020-q2-update.win32_2.0.0.202105311346/tools/bin/../lib/gcc/arm-none-eabi/9.3.1/../../../../arm-none-eabi/lib/thumb/v7-m/nofp/crt0.o
LOAD ./Core/Src/Modbus.o
LOAD ./Core/Src/UARTCallback.o
LOAD ./Core/Src/freertos.o
LOAD ./Core/Src/main.o
LOAD ./Core/Src/stm32f1xx_hal_msp.o
LOAD ./Core/Src/stm32f1xx_hal_timebase_tim.o
LOAD ./Core/Src/stm32f1xx_it.o
LOAD ./Core/Src/syscalls.o
LOAD ./Core/Src/sysmem.o
LOAD ./Core/Src/system_stm32f1xx.o
LOAD ./Core/Startup/startup_stm32f103c8tx.o
LOAD ./Drivers/STM32F1xx_HAL_Driver/Src/stm32f1xx_hal.o
LOAD ./Drivers/STM32F1xx_HAL_Driver/Src/stm32f1xx_hal_adc.o
LOAD ./Drivers/STM32F1xx_HAL_Driver/Src/stm32f1xx_hal_adc_ex.o
LOAD ./Drivers/STM32F1xx_HAL_Driver/Src/stm32f1xx_hal_cortex.o
LOAD ./Drivers/STM32F1xx_HAL_Driver/Src/stm32f1xx_hal_dma.o
LOAD ./Drivers/STM32F1xx_HAL_Driver/Src/stm32f1xx_hal_exti.o
LOAD ./Drivers/STM32F1xx_HAL_Driver/Src/stm32f1xx_hal_flash.o
LOAD ./Drivers/STM32F1xx_HAL_Driver/Src/stm32f1xx_hal_flash_ex.o
LOAD ./Drivers/STM32F1xx_HAL_Driver/Src/stm32f1xx_hal_gpio.o
LOAD ./Drivers/STM32F1xx_HAL_Driver/Src/stm32f1xx_hal_gpio_ex.o
LOAD ./Drivers/STM32F1xx_HAL_Driver/Src/stm32f1xx_hal_pwr.o
LOAD ./Drivers/STM32F1xx_HAL_Driver/Src/stm32f1xx_hal_rcc.o
LOAD ./Drivers/STM32F1xx_HAL_Driver/Src/stm32f1xx_hal_rcc_ex.o
LOAD ./Drivers/STM32F1xx_HAL_Driver/Src/stm32f1xx_hal_tim.o
LOAD ./Drivers/STM32F1xx_HAL_Driver/Src/stm32f1xx_hal_tim_ex.o
LOAD ./Drivers/STM32F1xx_HAL_Driver/Src/stm32f1xx_hal_uart.o
LOAD ./Middlewares/Third_Party/FreeRTOS/Source/CMSIS_RTOS_V2/cmsis_os2.o
LOAD ./Middlewares/Third_Party/FreeRTOS/Source/croutine.o
LOAD ./Middlewares/Third_Party/FreeRTOS/Source/event_groups.o
LOAD ./Middlewares/Third_Party/FreeRTOS/Source/list.o
LOAD ./Middlewares/Third_Party/FreeRTOS/Source/queue.o
LOAD ./Middlewares/Third_Party/FreeRTOS/Source/stream_buffer.o
LOAD ./Middlewares/Third_Party/FreeRTOS/Source/tasks.o
LOAD ./Middlewares/Third_Party/FreeRTOS/Source/timers.o
LOAD ./Middlewares/Third_Party/FreeRTOS/Source/portable/GCC/ARM_CM3/port.o
LOAD ./Middlewares/Third_Party/FreeRTOS/Source/portable/MemMang/heap_3.o
START GROUP
LOAD l:/st/stm32cubeide_1.5.1/stm32cubeide/plugins/com.st.stm32cube.ide.mcu.externaltools.gnu-tools-for-stm32.9-2020-q2-update.win32_2.0.0.202105311346/tools/bin/../lib/gcc/arm-none-eabi/9.3.1/../../../../arm-none-eabi/lib/thumb/v7-m/nofp\libc_nano.a
LOAD l:/st/stm32cubeide_1.5.1/stm32cubeide/plugins/com.st.stm32cube.ide.mcu.externaltools.gnu-tools-for-stm32.9-2020-q2-update.win32_2.0.0.202105311346/tools/bin/../lib/gcc/arm-none-eabi/9.3.1/../../../../arm-none-eabi/lib/thumb/v7-m/nofp\libm.a
END GROUP
START GROUP
LOAD l:/st/stm32cubeide_1.5.1/stm32cubeide/plugins/com.st.stm32cube.ide.mcu.externaltools.gnu-tools-for-stm32.9-2020-q2-update.win32_2.0.0.202105311346/tools/bin/../lib/gcc/arm-none-eabi/9.3.1/thumb/v7-m/nofp\libgcc.a
LOAD l:/st/stm32cubeide_1.5.1/stm32cubeide/plugins/com.st.stm32cube.ide.mcu.externaltools.gnu-tools-for-stm32.9-2020-q2-update.win32_2.0.0.202105311346/tools/bin/../lib/gcc/arm-none-eabi/9.3.1/../../../../arm-none-eabi/lib/thumb/v7-m/nofp\libc_nano.a
END GROUP
START GROUP
LOAD l:/st/stm32cubeide_1.5.1/stm32cubeide/plugins/com.st.stm32cube.ide.mcu.externaltools.gnu-tools-for-stm32.9-2020-q2-update.win32_2.0.0.202105311346/tools/bin/../lib/gcc/arm-none-eabi/9.3.1/thumb/v7-m/nofp\libgcc.a
LOAD l:/st/stm32cubeide_1.5.1/stm32cubeide/plugins/com.st.stm32cube.ide.mcu.externaltools.gnu-tools-for-stm32.9-2020-q2-update.win32_2.0.0.202105311346/tools/bin/../lib/gcc/arm-none-eabi/9.3.1/../../../../arm-none-eabi/lib/thumb/v7-m/nofp\libc_nano.a
LOAD l:/st/stm32cubeide_1.5.1/stm32cubeide/plugins/com.st.stm32cube.ide.mcu.externaltools.gnu-tools-for-stm32.9-2020-q2-update.win32_2.0.0.202105311346/tools/bin/../lib/gcc/arm-none-eabi/9.3.1/../../../../arm-none-eabi/lib/thumb/v7-m/nofp\libnosys.a
END GROUP
START GROUP
LOAD l:/st/stm32cubeide_1.5.1/stm32cubeide/plugins/com.st.stm32cube.ide.mcu.externaltools.gnu-tools-for-stm32.9-2020-q2-update.win32_2.0.0.202105311346/tools/bin/../lib/gcc/arm-none-eabi/9.3.1/thumb/v7-m/nofp\libgcc.a
LOAD l:/st/stm32cubeide_1.5.1/stm32cubeide/plugins/com.st.stm32cube.ide.mcu.externaltools.gnu-tools-for-stm32.9-2020-q2-update.win32_2.0.0.202105311346/tools/bin/../lib/gcc/arm-none-eabi/9.3.1/../../../../arm-none-eabi/lib/thumb/v7-m/nofp\libc_nano.a
LOAD l:/st/stm32cubeide_1.5.1/stm32cubeide/plugins/com.st.stm32cube.ide.mcu.externaltools.gnu-tools-for-stm32.9-2020-q2-update.win32_2.0.0.202105311346/tools/bin/../lib/gcc/arm-none-eabi/9.3.1/../../../../arm-none-eabi/lib/thumb/v7-m/nofp\libnosys.a
END GROUP
LOAD l:/st/stm32cubeide_1.5.1/stm32cubeide/plugins/com.st.stm32cube.ide.mcu.externaltools.gnu-tools-for-stm32.9-2020-q2-update.win32_2.0.0.202105311346/tools/bin/../lib/gcc/arm-none-eabi/9.3.1/thumb/v7-m/nofp/crtend.o
LOAD l:/st/stm32cubeide_1.5.1/stm32cubeide/plugins/com.st.stm32cube.ide.mcu.externaltools.gnu-tools-for-stm32.9-2020-q2-update.win32_2.0.0.202105311346/tools/bin/../lib/gcc/arm-none-eabi/9.3.1/thumb/v7-m/nofp/crtn.o
                0x0000000020005000                _estack = (ORIGIN (RAM) + LENGTH (RAM))
                0x0000000000000200                _Min_Heap_Size = 0x200
                0x0000000000000400                _Min_Stack_Size = 0x400

.isr_vector     0x0000000008000000      0x10c
                0x0000000008000000                . = ALIGN (0x4)
 *(.isr_vector)
 .isr_vector    0x0000000008000000      0x10c ./Core/Startup/startup_stm32f103c8tx.o
                0x0000000008000000                g_pfnVectors
                0x000000000800010c                . = ALIGN (0x4)

.text           0x0000000008000110     0xa594
                0x0000000008000110                . = ALIGN (0x4)
 *(.text)
 .text          0x0000000008000110       0x40 l:/st/stm32cubeide_1.5.1/stm32cubeide/plugins/com.st.stm32cube.ide.mcu.externaltools.gnu-tools-for-stm32.9-2020-q2-update.win32_2.0.0.202105311346/tools/bin/../lib/gcc/arm-none-eabi/9.3.1/thumb/v7-m/nofp/crtbegin.o
 .text          0x0000000008000150      0x254 l:/st/stm32cubeide_1.5.1/stm32cubeide/plugins/com.st.stm32cube.ide.mcu.externaltools.gnu-tools-for-stm32.9-2020-q2-update.win32_2.0.0.202105311346/tools/bin/../lib/gcc/arm-none-eabi/9.3.1/thumb/v7-m/nofp\libgcc.a(_arm_muldf3.o)
                0x0000000008000150                __muldf3
                0x0000000008000150                __aeabi_dmul
 .text          0x00000000080003a4      0x378 l:/st/stm32cubeide_1.5.1/stm32cubeide/plugins/com.st.stm32cube.ide.mcu.externaltools.gnu-tools-for-stm32.9-2020-q2-update.win32_2.0.0.202105311346/tools/bin/../lib/gcc/arm-none-eabi/9.3.1/thumb/v7-m/nofp\libgcc.a(_arm_addsubdf3.o)
                0x00000000080003a4                __aeabi_drsub
                0x00000000080003ac                __aeabi_dsub
                0x00000000080003ac                __subdf3
                0x00000000080003b0                __aeabi_dadd
                0x00000000080003b0                __adddf3
                0x0000000008000628                __floatunsidf
                0x0000000008000628                __aeabi_ui2d
                0x0000000008000648                __floatsidf
                0x0000000008000648                __aeabi_i2d
                0x000000000800066c                __aeabi_f2d
                0x000000000800066c                __extendsfdf2
                0x00000000080006b0                __floatundidf
                0x00000000080006b0                __aeabi_ul2d
                0x00000000080006c0                __floatdidf
                0x00000000080006c0                __aeabi_l2d
 .text          0x000000000800071c       0x40 l:/st/stm32cubeide_1.5.1/stm32cubeide/plugins/com.st.stm32cube.ide.mcu.externaltools.gnu-tools-for-stm32.9-2020-q2-update.win32_2.0.0.202105311346/tools/bin/../lib/gcc/arm-none-eabi/9.3.1/thumb/v7-m/nofp\libgcc.a(_arm_fixunsdfsi.o)
                0x000000000800071c                __aeabi_d2uiz
                0x000000000800071c                __fixunsdfsi
 .text          0x000000000800075c      0x21c l:/st/stm32cubeide_1.5.1/stm32cubeide/plugins/com.st.stm32cube.ide.mcu.externaltools.gnu-tools-for-stm32.9-2020-q2-update.win32_2.0.0.202105311346/tools/bin/../lib/gcc/arm-none-eabi/9.3.1/thumb/v7-m/nofp\libgcc.a(_arm_addsubsf3.o)
                0x000000000800075c                __aeabi_frsub
                0x0000000008000764                __subsf3
                0x0000000008000764                __aeabi_fsub
                0x0000000008000768                __aeabi_fadd
                0x0000000008000768                __addsf3
                0x00000000080008c8                __aeabi_ui2f
                0x00000000080008c8                __floatunsisf
                0x00000000080008d0                __aeabi_i2f
                0x00000000080008d0                __floatsisf
                0x00000000080008ec                __aeabi_ul2f
                0x00000000080008ec                __floatundisf
                0x00000000080008fc                __aeabi_l2f
                0x00000000080008fc                __floatdisf
 .text          0x0000000008000978      0x2a0 l:/st/stm32cubeide_1.5.1/stm32cubeide/plugins/com.st.stm32cube.ide.mcu.externaltools.gnu-tools-for-stm32.9-2020-q2-update.win32_2.0.0.202105311346/tools/bin/../lib/gcc/arm-none-eabi/9.3.1/thumb/v7-m/nofp\libgcc.a(_arm_muldivsf3.o)
                0x0000000008000978                __mulsf3
                0x0000000008000978                __aeabi_fmul
                0x0000000008000ae0                __aeabi_fdiv
                0x0000000008000ae0                __divsf3
 .text          0x0000000008000c18       0xec l:/st/stm32cubeide_1.5.1/stm32cubeide/plugins/com.st.stm32cube.ide.mcu.externaltools.gnu-tools-for-stm32.9-2020-q2-update.win32_2.0.0.202105311346/tools/bin/../lib/gcc/arm-none-eabi/9.3.1/thumb/v7-m/nofp\libgcc.a(_arm_cmpsf2.o)
                0x0000000008000c18                __gesf2
                0x0000000008000c18                __gtsf2
                0x0000000008000c20                __lesf2
                0x0000000008000c20                __ltsf2
                0x0000000008000c28                __nesf2
                0x0000000008000c28                __eqsf2
                0x0000000008000c28                __cmpsf2
                0x0000000008000c88                __aeabi_cfrcmple
                0x0000000008000c90                __aeabi_cfcmpeq
                0x0000000008000c90                __aeabi_cfcmple
                0x0000000008000ca0                __aeabi_fcmpeq
                0x0000000008000cb4                __aeabi_fcmplt
                0x0000000008000cc8                __aeabi_fcmple
                0x0000000008000cdc                __aeabi_fcmpge
                0x0000000008000cf0                __aeabi_fcmpgt
 .text          0x0000000008000d04       0x40 l:/st/stm32cubeide_1.5.1/stm32cubeide/plugins/com.st.stm32cube.ide.mcu.externaltools.gnu-tools-for-stm32.9-2020-q2-update.win32_2.0.0.202105311346/tools/bin/../lib/gcc/arm-none-eabi/9.3.1/thumb/v7-m/nofp\libgcc.a(_arm_fixunssfsi.o)
                0x0000000008000d04                __fixunssfsi
                0x0000000008000d04                __aeabi_f2uiz
 *(.text*)
 .text.RingAdd  0x0000000008000d44       0x8c ./Core/Src/Modbus.o
                0x0000000008000d44                RingAdd
 .text.RingGetAllBytes
                0x0000000008000dd0       0x24 ./Core/Src/Modbus.o
                0x0000000008000dd0                RingGetAllBytes
 .text.RingGetNBytes
                0x0000000008000df4       0xa8 ./Core/Src/Modbus.o
                0x0000000008000df4                RingGetNBytes
 .text.RingClear
                0x0000000008000e9c       0x32 ./Core/Src/Modbus.o
                0x0000000008000e9c                RingClear
 *fill*         0x0000000008000ece        0x2 
 .text.ModbusInit
                0x0000000008000ed0      0x144 ./Core/Src/Modbus.o
                0x0000000008000ed0                ModbusInit
 .text.ModbusStart
                0x0000000008001014      0x108 ./Core/Src/Modbus.o
                0x0000000008001014                ModbusStart
 .text.vTimerCallbackT35
                0x000000000800111c       0x84 ./Core/Src/Modbus.o
 .text.vTimerCallbackTimeout
                0x00000000080011a0       0x5c ./Core/Src/Modbus.o
 .text.StartTaskModbusSlave
                0x00000000080011fc      0x19c ./Core/Src/Modbus.o
                0x00000000080011fc                StartTaskModbusSlave
 .text.SendQuery
                0x0000000008001398      0x2d8 ./Core/Src/Modbus.o
 .text.StartTaskModbusMaster
                0x0000000008001670      0x1ac ./Core/Src/Modbus.o
                0x0000000008001670                StartTaskModbusMaster
 .text.get_FC1  0x000000000800181c       0xae ./Core/Src/Modbus.o
 .text.get_FC3  0x00000000080018ca       0x5c ./Core/Src/Modbus.o
 *fill*         0x0000000008001926        0x2 
 .text.validateAnswer
                0x0000000008001928       0xdc ./Core/Src/Modbus.o
 .text.getRxBuffer
                0x0000000008001a04       0x92 ./Core/Src/Modbus.o
 *fill*         0x0000000008001a96        0x2 
 .text.validateRequest
                0x0000000008001a98      0x294 ./Core/Src/Modbus.o
 .text.word     0x0000000008001d2c       0x24 ./Core/Src/Modbus.o
 .text.calcCRC  0x0000000008001d50       0x8c ./Core/Src/Modbus.o
                0x0000000008001d50                calcCRC
 .text.buildException
                0x0000000008001ddc       0x3c ./Core/Src/Modbus.o
 .text.sendTxBuffer
                0x0000000008001e18      0x120 ./Core/Src/Modbus.o
 .text.process_FC1
                0x0000000008001f38      0x16a ./Core/Src/Modbus.o
 .text.process_FC3
                0x00000000080020a2       0xd6 ./Core/Src/Modbus.o
 .text.process_FC5
                0x0000000008002178       0xb2 ./Core/Src/Modbus.o
 .text.process_FC6
                0x000000000800222a       0x64 ./Core/Src/Modbus.o
 .text.process_FC15
                0x000000000800228e      0x11c ./Core/Src/Modbus.o
 .text.process_FC16
                0x00000000080023aa       0xac ./Core/Src/Modbus.o
 *fill*         0x0000000008002456        0x2 
 .text.HAL_UART_TxCpltCallback
                0x0000000008002458       0x7c ./Core/Src/UARTCallback.o
                0x0000000008002458                HAL_UART_TxCpltCallback
 .text.HAL_UART_RxCpltCallback
                0x00000000080024d4       0xd4 ./Core/Src/UARTCallback.o
                0x00000000080024d4                HAL_UART_RxCpltCallback
 .text.HAL_GPIO_EXTI_Callback
                0x00000000080025a8       0x40 ./Core/Src/main.o
                0x00000000080025a8                HAL_GPIO_EXTI_Callback
 .text.Sentido  0x00000000080025e8       0x70 ./Core/Src/main.o
                0x00000000080025e8                Sentido
 .text.Velocidad
                0x0000000008002658       0xac ./Core/Src/main.o
                0x0000000008002658                Velocidad
 .text.main     0x0000000008002704      0x12c ./Core/Src/main.o
                0x0000000008002704                main
 .text.SystemClock_Config
                0x0000000008002830       0xb2 ./Core/Src/main.o
                0x0000000008002830                SystemClock_Config
 *fill*         0x00000000080028e2        0x2 
 .text.MX_ADC1_Init
                0x00000000080028e4       0xc8 ./Core/Src/main.o
 .text.MX_TIM1_Init
                0x00000000080029ac      0x188 ./Core/Src/main.o
 .text.MX_USART3_UART_Init
                0x0000000008002b34       0x54 ./Core/Src/main.o
 .text.MX_DMA_Init
                0x0000000008002b88       0x3c ./Core/Src/main.o
 .text.MX_GPIO_Init
                0x0000000008002bc4      0x138 ./Core/Src/main.o
 .text.StartModbus
                0x0000000008002cfc       0x58 ./Core/Src/main.o
                0x0000000008002cfc                StartModbus
 .text.StartADC
                0x0000000008002d54       0x2c ./Core/Src/main.o
                0x0000000008002d54                StartADC
 .text.StartEncoders
                0x0000000008002d80       0x84 ./Core/Src/main.o
                0x0000000008002d80                StartEncoders
 .text.StartControl
                0x0000000008002e04       0x10 ./Core/Src/main.o
                0x0000000008002e04                StartControl
 .text.HAL_TIM_PeriodElapsedCallback
                0x0000000008002e14       0x24 ./Core/Src/main.o
                0x0000000008002e14                HAL_TIM_PeriodElapsedCallback
 .text.Error_Handler
                0x0000000008002e38        0xa ./Core/Src/main.o
                0x0000000008002e38                Error_Handler
 *fill*         0x0000000008002e42        0x2 
 .text.HAL_MspInit
                0x0000000008002e44       0x70 ./Core/Src/stm32f1xx_hal_msp.o
                0x0000000008002e44                HAL_MspInit
 .text.HAL_ADC_MspInit
                0x0000000008002eb4       0xe0 ./Core/Src/stm32f1xx_hal_msp.o
                0x0000000008002eb4                HAL_ADC_MspInit
 .text.HAL_TIM_Base_MspInit
                0x0000000008002f94       0x3c ./Core/Src/stm32f1xx_hal_msp.o
                0x0000000008002f94                HAL_TIM_Base_MspInit
 .text.HAL_TIM_MspPostInit
                0x0000000008002fd0       0x68 ./Core/Src/stm32f1xx_hal_msp.o
                0x0000000008002fd0                HAL_TIM_MspPostInit
 .text.HAL_UART_MspInit
                0x0000000008003038       0xa8 ./Core/Src/stm32f1xx_hal_msp.o
                0x0000000008003038                HAL_UART_MspInit
 .text.HAL_InitTick
                0x00000000080030e0       0xb0 ./Core/Src/stm32f1xx_hal_timebase_tim.o
                0x00000000080030e0                HAL_InitTick
 .text.NMI_Handler
                0x0000000008003190        0x6 ./Core/Src/stm32f1xx_it.o
                0x0000000008003190                NMI_Handler
 .text.HardFault_Handler
                0x0000000008003196        0x6 ./Core/Src/stm32f1xx_it.o
                0x0000000008003196                HardFault_Handler
 .text.MemManage_Handler
                0x000000000800319c        0x6 ./Core/Src/stm32f1xx_it.o
                0x000000000800319c                MemManage_Handler
 .text.BusFault_Handler
                0x00000000080031a2        0x6 ./Core/Src/stm32f1xx_it.o
                0x00000000080031a2                BusFault_Handler
 .text.UsageFault_Handler
                0x00000000080031a8        0x6 ./Core/Src/stm32f1xx_it.o
                0x00000000080031a8                UsageFault_Handler
 .text.DebugMon_Handler
                0x00000000080031ae        0xc ./Core/Src/stm32f1xx_it.o
                0x00000000080031ae                DebugMon_Handler
 *fill*         0x00000000080031ba        0x2 
 .text.DMA1_Channel1_IRQHandler
                0x00000000080031bc       0x14 ./Core/Src/stm32f1xx_it.o
                0x00000000080031bc                DMA1_Channel1_IRQHandler
 .text.ADC1_2_IRQHandler
                0x00000000080031d0       0x14 ./Core/Src/stm32f1xx_it.o
                0x00000000080031d0                ADC1_2_IRQHandler
 .text.EXTI9_5_IRQHandler
                0x00000000080031e4       0x24 ./Core/Src/stm32f1xx_it.o
                0x00000000080031e4                EXTI9_5_IRQHandler
 .text.TIM4_IRQHandler
                0x0000000008003208       0x14 ./Core/Src/stm32f1xx_it.o
                0x0000000008003208                TIM4_IRQHandler
 .text.USART3_IRQHandler
                0x000000000800321c       0x14 ./Core/Src/stm32f1xx_it.o
                0x000000000800321c                USART3_IRQHandler
 .text._sbrk    0x0000000008003230       0x6c ./Core/Src/sysmem.o
                0x0000000008003230                _sbrk
 .text.SystemInit
                0x000000000800329c        0xc ./Core/Src/system_stm32f1xx.o
                0x000000000800329c                SystemInit
 .text.Reset_Handler
                0x00000000080032a8       0x48 ./Core/Startup/startup_stm32f103c8tx.o
                0x00000000080032a8                Reset_Handler
 .text.Default_Handler
                0x00000000080032f0        0x2 ./Core/Startup/startup_stm32f103c8tx.o
                0x00000000080032f0                RTC_Alarm_IRQHandler
                0x00000000080032f0                EXTI2_IRQHandler
                0x00000000080032f0                TIM1_CC_IRQHandler
                0x00000000080032f0                PVD_IRQHandler
                0x00000000080032f0                EXTI3_IRQHandler
                0x00000000080032f0                EXTI0_IRQHandler
                0x00000000080032f0                I2C2_EV_IRQHandler
                0x00000000080032f0                SPI1_IRQHandler
                0x00000000080032f0                TAMPER_IRQHandler
                0x00000000080032f0                DMA1_Channel4_IRQHandler
                0x00000000080032f0                RTC_IRQHandler
                0x00000000080032f0                DMA1_Channel7_IRQHandler
                0x00000000080032f0                CAN1_RX1_IRQHandler
                0x00000000080032f0                I2C1_EV_IRQHandler
                0x00000000080032f0                DMA1_Channel6_IRQHandler
                0x00000000080032f0                TIM3_IRQHandler
                0x00000000080032f0                RCC_IRQHandler
                0x00000000080032f0                TIM1_TRG_COM_IRQHandler
                0x00000000080032f0                Default_Handler
                0x00000000080032f0                EXTI15_10_IRQHandler
                0x00000000080032f0                SPI2_IRQHandler
                0x00000000080032f0                DMA1_Channel5_IRQHandler
                0x00000000080032f0                EXTI4_IRQHandler
                0x00000000080032f0                USB_LP_CAN1_RX0_IRQHandler
                0x00000000080032f0                USB_HP_CAN1_TX_IRQHandler
                0x00000000080032f0                DMA1_Channel3_IRQHandler
                0x00000000080032f0                TIM1_UP_IRQHandler
                0x00000000080032f0                WWDG_IRQHandler
                0x00000000080032f0                TIM2_IRQHandler
                0x00000000080032f0                TIM1_BRK_IRQHandler
                0x00000000080032f0                EXTI1_IRQHandler
                0x00000000080032f0                USART2_IRQHandler
                0x00000000080032f0                I2C2_ER_IRQHandler
                0x00000000080032f0                DMA1_Channel2_IRQHandler
                0x00000000080032f0                CAN1_SCE_IRQHandler
                0x00000000080032f0                FLASH_IRQHandler
                0x00000000080032f0                USART1_IRQHandler
                0x00000000080032f0                I2C1_ER_IRQHandler
                0x00000000080032f0                USBWakeUp_IRQHandler
 *fill*         0x00000000080032f2        0x2 
 .text.HAL_Init
                0x00000000080032f4       0x2c ./Drivers/STM32F1xx_HAL_Driver/Src/stm32f1xx_hal.o
                0x00000000080032f4                HAL_Init
 .text.HAL_IncTick
                0x0000000008003320       0x24 ./Drivers/STM32F1xx_HAL_Driver/Src/stm32f1xx_hal.o
                0x0000000008003320                HAL_IncTick
 .text.HAL_GetTick
                0x0000000008003344       0x14 ./Drivers/STM32F1xx_HAL_Driver/Src/stm32f1xx_hal.o
                0x0000000008003344                HAL_GetTick
 .text.HAL_ADC_Init
                0x0000000008003358      0x1b0 ./Drivers/STM32F1xx_HAL_Driver/Src/stm32f1xx_hal_adc.o
                0x0000000008003358                HAL_ADC_Init
 .text.HAL_ADC_IRQHandler
                0x0000000008003508      0x186 ./Drivers/STM32F1xx_HAL_Driver/Src/stm32f1xx_hal_adc.o
                0x0000000008003508                HAL_ADC_IRQHandler
 .text.HAL_ADC_ConvCpltCallback
                0x000000000800368e       0x12 ./Drivers/STM32F1xx_HAL_Driver/Src/stm32f1xx_hal_adc.o
                0x000000000800368e                HAL_ADC_ConvCpltCallback
 .text.HAL_ADC_LevelOutOfWindowCallback
                0x00000000080036a0       0x12 ./Drivers/STM32F1xx_HAL_Driver/Src/stm32f1xx_hal_adc.o
                0x00000000080036a0                HAL_ADC_LevelOutOfWindowCallback
 *fill*         0x00000000080036b2        0x2 
 .text.HAL_ADC_ConfigChannel
                0x00000000080036b4      0x1f0 ./Drivers/STM32F1xx_HAL_Driver/Src/stm32f1xx_hal_adc.o
                0x00000000080036b4                HAL_ADC_ConfigChannel
 .text.ADC_ConversionStop_Disable
                0x00000000080038a4       0x82 ./Drivers/STM32F1xx_HAL_Driver/Src/stm32f1xx_hal_adc.o
                0x00000000080038a4                ADC_ConversionStop_Disable
 .text.HAL_ADCEx_InjectedConvCpltCallback
                0x0000000008003926       0x12 ./Drivers/STM32F1xx_HAL_Driver/Src/stm32f1xx_hal_adc_ex.o
                0x0000000008003926                HAL_ADCEx_InjectedConvCpltCallback
 .text.__NVIC_SetPriorityGrouping
                0x0000000008003938       0x48 ./Drivers/STM32F1xx_HAL_Driver/Src/stm32f1xx_hal_cortex.o
 .text.__NVIC_GetPriorityGrouping
                0x0000000008003980       0x1c ./Drivers/STM32F1xx_HAL_Driver/Src/stm32f1xx_hal_cortex.o
 .text.__NVIC_EnableIRQ
                0x000000000800399c       0x38 ./Drivers/STM32F1xx_HAL_Driver/Src/stm32f1xx_hal_cortex.o
 .text.__NVIC_SetPriority
                0x00000000080039d4       0x54 ./Drivers/STM32F1xx_HAL_Driver/Src/stm32f1xx_hal_cortex.o
 .text.NVIC_EncodePriority
                0x0000000008003a28       0x64 ./Drivers/STM32F1xx_HAL_Driver/Src/stm32f1xx_hal_cortex.o
 .text.HAL_NVIC_SetPriorityGrouping
                0x0000000008003a8c       0x16 ./Drivers/STM32F1xx_HAL_Driver/Src/stm32f1xx_hal_cortex.o
                0x0000000008003a8c                HAL_NVIC_SetPriorityGrouping
 .text.HAL_NVIC_SetPriority
                0x0000000008003aa2       0x38 ./Drivers/STM32F1xx_HAL_Driver/Src/stm32f1xx_hal_cortex.o
                0x0000000008003aa2                HAL_NVIC_SetPriority
 .text.HAL_NVIC_EnableIRQ
                0x0000000008003ada       0x1c ./Drivers/STM32F1xx_HAL_Driver/Src/stm32f1xx_hal_cortex.o
                0x0000000008003ada                HAL_NVIC_EnableIRQ
 *fill*         0x0000000008003af6        0x2 
 .text.HAL_DMA_Init
                0x0000000008003af8       0xb4 ./Drivers/STM32F1xx_HAL_Driver/Src/stm32f1xx_hal_dma.o
                0x0000000008003af8                HAL_DMA_Init
 .text.HAL_DMA_Abort
                0x0000000008003bac       0x74 ./Drivers/STM32F1xx_HAL_Driver/Src/stm32f1xx_hal_dma.o
                0x0000000008003bac                HAL_DMA_Abort
 .text.HAL_DMA_Abort_IT
                0x0000000008003c20       0xec ./Drivers/STM32F1xx_HAL_Driver/Src/stm32f1xx_hal_dma.o
                0x0000000008003c20                HAL_DMA_Abort_IT
 .text.HAL_DMA_IRQHandler
                0x0000000008003d0c      0x20c ./Drivers/STM32F1xx_HAL_Driver/Src/stm32f1xx_hal_dma.o
                0x0000000008003d0c                HAL_DMA_IRQHandler
 .text.HAL_GPIO_Init
                0x0000000008003f18      0x308 ./Drivers/STM32F1xx_HAL_Driver/Src/stm32f1xx_hal_gpio.o
                0x0000000008003f18                HAL_GPIO_Init
 .text.HAL_GPIO_WritePin
                0x0000000008004220       0x30 ./Drivers/STM32F1xx_HAL_Driver/Src/stm32f1xx_hal_gpio.o
                0x0000000008004220                HAL_GPIO_WritePin
 .text.HAL_GPIO_TogglePin
                0x0000000008004250       0x32 ./Drivers/STM32F1xx_HAL_Driver/Src/stm32f1xx_hal_gpio.o
                0x0000000008004250                HAL_GPIO_TogglePin
 *fill*         0x0000000008004282        0x2 
 .text.HAL_GPIO_EXTI_IRQHandler
                0x0000000008004284       0x30 ./Drivers/STM32F1xx_HAL_Driver/Src/stm32f1xx_hal_gpio.o
                0x0000000008004284                HAL_GPIO_EXTI_IRQHandler
 .text.HAL_RCC_OscConfig
                0x00000000080042b4      0x500 ./Drivers/STM32F1xx_HAL_Driver/Src/stm32f1xx_hal_rcc.o
                0x00000000080042b4                HAL_RCC_OscConfig
 .text.HAL_RCC_ClockConfig
                0x00000000080047b4      0x1d4 ./Drivers/STM32F1xx_HAL_Driver/Src/stm32f1xx_hal_rcc.o
                0x00000000080047b4                HAL_RCC_ClockConfig
 .text.HAL_RCC_GetSysClockFreq
                0x0000000008004988       0xc0 ./Drivers/STM32F1xx_HAL_Driver/Src/stm32f1xx_hal_rcc.o
                0x0000000008004988                HAL_RCC_GetSysClockFreq
 .text.HAL_RCC_GetHCLKFreq
                0x0000000008004a48       0x14 ./Drivers/STM32F1xx_HAL_Driver/Src/stm32f1xx_hal_rcc.o
                0x0000000008004a48                HAL_RCC_GetHCLKFreq
 .text.HAL_RCC_GetPCLK1Freq
                0x0000000008004a5c       0x28 ./Drivers/STM32F1xx_HAL_Driver/Src/stm32f1xx_hal_rcc.o
                0x0000000008004a5c                HAL_RCC_GetPCLK1Freq
 .text.HAL_RCC_GetPCLK2Freq
                0x0000000008004a84       0x28 ./Drivers/STM32F1xx_HAL_Driver/Src/stm32f1xx_hal_rcc.o
                0x0000000008004a84                HAL_RCC_GetPCLK2Freq
 .text.HAL_RCC_GetClockConfig
                0x0000000008004aac       0x60 ./Drivers/STM32F1xx_HAL_Driver/Src/stm32f1xx_hal_rcc.o
                0x0000000008004aac                HAL_RCC_GetClockConfig
 .text.RCC_Delay
                0x0000000008004b0c       0x3c ./Drivers/STM32F1xx_HAL_Driver/Src/stm32f1xx_hal_rcc.o
 .text.HAL_RCCEx_PeriphCLKConfig
                0x0000000008004b48      0x16c ./Drivers/STM32F1xx_HAL_Driver/Src/stm32f1xx_hal_rcc_ex.o
                0x0000000008004b48                HAL_RCCEx_PeriphCLKConfig
 .text.HAL_TIM_Base_Init
                0x0000000008004cb4       0x9e ./Drivers/STM32F1xx_HAL_Driver/Src/stm32f1xx_hal_tim.o
                0x0000000008004cb4                HAL_TIM_Base_Init
 *fill*         0x0000000008004d52        0x2 
 .text.HAL_TIM_Base_Start_IT
                0x0000000008004d54       0xa4 ./Drivers/STM32F1xx_HAL_Driver/Src/stm32f1xx_hal_tim.o
                0x0000000008004d54                HAL_TIM_Base_Start_IT
 .text.HAL_TIM_PWM_Init
                0x0000000008004df8       0x9e ./Drivers/STM32F1xx_HAL_Driver/Src/stm32f1xx_hal_tim.o
                0x0000000008004df8                HAL_TIM_PWM_Init
 .text.HAL_TIM_PWM_MspInit
                0x0000000008004e96       0x12 ./Drivers/STM32F1xx_HAL_Driver/Src/stm32f1xx_hal_tim.o
                0x0000000008004e96                HAL_TIM_PWM_MspInit
 .text.HAL_TIM_PWM_Start
                0x0000000008004ea8      0x144 ./Drivers/STM32F1xx_HAL_Driver/Src/stm32f1xx_hal_tim.o
                0x0000000008004ea8                HAL_TIM_PWM_Start
 .text.HAL_TIM_IRQHandler
                0x0000000008004fec      0x210 ./Drivers/STM32F1xx_HAL_Driver/Src/stm32f1xx_hal_tim.o
                0x0000000008004fec                HAL_TIM_IRQHandler
 .text.HAL_TIM_PWM_ConfigChannel
                0x00000000080051fc      0x17c ./Drivers/STM32F1xx_HAL_Driver/Src/stm32f1xx_hal_tim.o
                0x00000000080051fc                HAL_TIM_PWM_ConfigChannel
 .text.HAL_TIM_ConfigClockSource
                0x0000000008005378      0x188 ./Drivers/STM32F1xx_HAL_Driver/Src/stm32f1xx_hal_tim.o
                0x0000000008005378                HAL_TIM_ConfigClockSource
 .text.HAL_TIM_OC_DelayElapsedCallback
                0x0000000008005500       0x12 ./Drivers/STM32F1xx_HAL_Driver/Src/stm32f1xx_hal_tim.o
                0x0000000008005500                HAL_TIM_OC_DelayElapsedCallback
 .text.HAL_TIM_IC_CaptureCallback
                0x0000000008005512       0x12 ./Drivers/STM32F1xx_HAL_Driver/Src/stm32f1xx_hal_tim.o
                0x0000000008005512                HAL_TIM_IC_CaptureCallback
 .text.HAL_TIM_PWM_PulseFinishedCallback
                0x0000000008005524       0x12 ./Drivers/STM32F1xx_HAL_Driver/Src/stm32f1xx_hal_tim.o
                0x0000000008005524                HAL_TIM_PWM_PulseFinishedCallback
 .text.HAL_TIM_TriggerCallback
                0x0000000008005536       0x12 ./Drivers/STM32F1xx_HAL_Driver/Src/stm32f1xx_hal_tim.o
                0x0000000008005536                HAL_TIM_TriggerCallback
 .text.TIM_Base_SetConfig
                0x0000000008005548       0xc4 ./Drivers/STM32F1xx_HAL_Driver/Src/stm32f1xx_hal_tim.o
                0x0000000008005548                TIM_Base_SetConfig
 .text.TIM_OC1_SetConfig
                0x000000000800560c       0xcc ./Drivers/STM32F1xx_HAL_Driver/Src/stm32f1xx_hal_tim.o
 .text.TIM_OC2_SetConfig
                0x00000000080056d8       0xd4 ./Drivers/STM32F1xx_HAL_Driver/Src/stm32f1xx_hal_tim.o
                0x00000000080056d8                TIM_OC2_SetConfig
 .text.TIM_OC3_SetConfig
                0x00000000080057ac       0xd4 ./Drivers/STM32F1xx_HAL_Driver/Src/stm32f1xx_hal_tim.o
 .text.TIM_OC4_SetConfig
                0x0000000008005880       0x9c ./Drivers/STM32F1xx_HAL_Driver/Src/stm32f1xx_hal_tim.o
 .text.TIM_TI1_ConfigInputStage
                0x000000000800591c       0x5c ./Drivers/STM32F1xx_HAL_Driver/Src/stm32f1xx_hal_tim.o
 .text.TIM_TI2_ConfigInputStage
                0x0000000008005978       0x5e ./Drivers/STM32F1xx_HAL_Driver/Src/stm32f1xx_hal_tim.o
 .text.TIM_ITRx_SetConfig
                0x00000000080059d6       0x34 ./Drivers/STM32F1xx_HAL_Driver/Src/stm32f1xx_hal_tim.o
 .text.TIM_ETR_SetConfig
                0x0000000008005a0a       0x3e ./Drivers/STM32F1xx_HAL_Driver/Src/stm32f1xx_hal_tim.o
                0x0000000008005a0a                TIM_ETR_SetConfig
 .text.TIM_CCxChannelCmd
                0x0000000008005a48       0x48 ./Drivers/STM32F1xx_HAL_Driver/Src/stm32f1xx_hal_tim.o
                0x0000000008005a48                TIM_CCxChannelCmd
 .text.HAL_TIMEx_MasterConfigSynchronization
                0x0000000008005a90       0xbc ./Drivers/STM32F1xx_HAL_Driver/Src/stm32f1xx_hal_tim_ex.o
                0x0000000008005a90                HAL_TIMEx_MasterConfigSynchronization
 .text.HAL_TIMEx_ConfigBreakDeadTime
                0x0000000008005b4c       0xa2 ./Drivers/STM32F1xx_HAL_Driver/Src/stm32f1xx_hal_tim_ex.o
                0x0000000008005b4c                HAL_TIMEx_ConfigBreakDeadTime
 .text.HAL_TIMEx_CommutCallback
                0x0000000008005bee       0x12 ./Drivers/STM32F1xx_HAL_Driver/Src/stm32f1xx_hal_tim_ex.o
                0x0000000008005bee                HAL_TIMEx_CommutCallback
 .text.HAL_TIMEx_BreakCallback
                0x0000000008005c00       0x12 ./Drivers/STM32F1xx_HAL_Driver/Src/stm32f1xx_hal_tim_ex.o
                0x0000000008005c00                HAL_TIMEx_BreakCallback
 .text.HAL_UART_Init
                0x0000000008005c12       0x9a ./Drivers/STM32F1xx_HAL_Driver/Src/stm32f1xx_hal_uart.o
                0x0000000008005c12                HAL_UART_Init
 .text.HAL_UART_Transmit_IT
                0x0000000008005cac       0x88 ./Drivers/STM32F1xx_HAL_Driver/Src/stm32f1xx_hal_uart.o
                0x0000000008005cac                HAL_UART_Transmit_IT
 .text.HAL_UART_Receive_IT
                0x0000000008005d34       0x60 ./Drivers/STM32F1xx_HAL_Driver/Src/stm32f1xx_hal_uart.o
                0x0000000008005d34                HAL_UART_Receive_IT
 .text.HAL_UART_AbortReceive_IT
                0x0000000008005d94       0xd4 ./Drivers/STM32F1xx_HAL_Driver/Src/stm32f1xx_hal_uart.o
                0x0000000008005d94                HAL_UART_AbortReceive_IT
 .text.HAL_UART_IRQHandler
                0x0000000008005e68      0x354 ./Drivers/STM32F1xx_HAL_Driver/Src/stm32f1xx_hal_uart.o
                0x0000000008005e68                HAL_UART_IRQHandler
 .text.HAL_UART_ErrorCallback
                0x00000000080061bc       0x12 ./Drivers/STM32F1xx_HAL_Driver/Src/stm32f1xx_hal_uart.o
                0x00000000080061bc                HAL_UART_ErrorCallback
 .text.HAL_UART_AbortReceiveCpltCallback
                0x00000000080061ce       0x12 ./Drivers/STM32F1xx_HAL_Driver/Src/stm32f1xx_hal_uart.o
                0x00000000080061ce                HAL_UART_AbortReceiveCpltCallback
 .text.HAL_UARTEx_RxEventCallback
                0x00000000080061e0       0x16 ./Drivers/STM32F1xx_HAL_Driver/Src/stm32f1xx_hal_uart.o
                0x00000000080061e0                HAL_UARTEx_RxEventCallback
 .text.HAL_HalfDuplex_EnableTransmitter
                0x00000000080061f6       0x66 ./Drivers/STM32F1xx_HAL_Driver/Src/stm32f1xx_hal_uart.o
                0x00000000080061f6                HAL_HalfDuplex_EnableTransmitter
 .text.HAL_HalfDuplex_EnableReceiver
                0x000000000800625c       0x66 ./Drivers/STM32F1xx_HAL_Driver/Src/stm32f1xx_hal_uart.o
                0x000000000800625c                HAL_HalfDuplex_EnableReceiver
 .text.HAL_UART_GetState
                0x00000000080062c2       0x3a ./Drivers/STM32F1xx_HAL_Driver/Src/stm32f1xx_hal_uart.o
                0x00000000080062c2                HAL_UART_GetState
 .text.UART_Start_Receive_IT
                0x00000000080062fc       0x72 ./Drivers/STM32F1xx_HAL_Driver/Src/stm32f1xx_hal_uart.o
                0x00000000080062fc                UART_Start_Receive_IT
 .text.UART_EndRxTransfer
                0x000000000800636e       0x58 ./Drivers/STM32F1xx_HAL_Driver/Src/stm32f1xx_hal_uart.o
 .text.UART_DMAAbortOnError
                0x00000000080063c6       0x28 ./Drivers/STM32F1xx_HAL_Driver/Src/stm32f1xx_hal_uart.o
 .text.UART_DMARxOnlyAbortCallback
                0x00000000080063ee       0x30 ./Drivers/STM32F1xx_HAL_Driver/Src/stm32f1xx_hal_uart.o
 .text.UART_Transmit_IT
                0x000000000800641e       0x9e ./Drivers/STM32F1xx_HAL_Driver/Src/stm32f1xx_hal_uart.o
 .text.UART_EndTransmit_IT
                0x00000000080064bc       0x30 ./Drivers/STM32F1xx_HAL_Driver/Src/stm32f1xx_hal_uart.o
 .text.UART_Receive_IT
                0x00000000080064ec      0x152 ./Drivers/STM32F1xx_HAL_Driver/Src/stm32f1xx_hal_uart.o
 *fill*         0x000000000800663e        0x2 
 .text.UART_SetConfig
                0x0000000008006640      0x11c ./Drivers/STM32F1xx_HAL_Driver/Src/stm32f1xx_hal_uart.o
 .text.osKernelInitialize
                0x000000000800675c       0x64 ./Middlewares/Third_Party/FreeRTOS/Source/CMSIS_RTOS_V2/cmsis_os2.o
                0x000000000800675c                osKernelInitialize
 .text.osKernelStart
                0x00000000080067c0       0x68 ./Middlewares/Third_Party/FreeRTOS/Source/CMSIS_RTOS_V2/cmsis_os2.o
                0x00000000080067c0                osKernelStart
 .text.osThreadNew
                0x0000000008006828      0x154 ./Middlewares/Third_Party/FreeRTOS/Source/CMSIS_RTOS_V2/cmsis_os2.o
                0x0000000008006828                osThreadNew
 .text.osThreadYield
                0x000000000800697c       0x64 ./Middlewares/Third_Party/FreeRTOS/Source/CMSIS_RTOS_V2/cmsis_os2.o
                0x000000000800697c                osThreadYield
 .text.osDelay  0x00000000080069e0       0x5c ./Middlewares/Third_Party/FreeRTOS/Source/CMSIS_RTOS_V2/cmsis_os2.o
                0x00000000080069e0                osDelay
 .text.osSemaphoreNew
                0x0000000008006a3c      0x138 ./Middlewares/Third_Party/FreeRTOS/Source/CMSIS_RTOS_V2/cmsis_os2.o
                0x0000000008006a3c                osSemaphoreNew
 .text.osMessageQueueNew
                0x0000000008006b74      0x10c ./Middlewares/Third_Party/FreeRTOS/Source/CMSIS_RTOS_V2/cmsis_os2.o
                0x0000000008006b74                osMessageQueueNew
 .text.osMessageQueuePut
                0x0000000008006c80       0xe8 ./Middlewares/Third_Party/FreeRTOS/Source/CMSIS_RTOS_V2/cmsis_os2.o
                0x0000000008006c80                osMessageQueuePut
 .text.osMessageQueueGet
                0x0000000008006d68       0xe4 ./Middlewares/Third_Party/FreeRTOS/Source/CMSIS_RTOS_V2/cmsis_os2.o
                0x0000000008006d68                osMessageQueueGet
 .text.vApplicationGetIdleTaskMemory
                0x0000000008006e4c       0x30 ./Middlewares/Third_Party/FreeRTOS/Source/CMSIS_RTOS_V2/cmsis_os2.o
                0x0000000008006e4c                vApplicationGetIdleTaskMemory
 .text.vApplicationGetTimerTaskMemory
                0x0000000008006e7c       0x34 ./Middlewares/Third_Party/FreeRTOS/Source/CMSIS_RTOS_V2/cmsis_os2.o
                0x0000000008006e7c                vApplicationGetTimerTaskMemory
 .text.vListInitialise
                0x0000000008006eb0       0x3e ./Middlewares/Third_Party/FreeRTOS/Source/list.o
                0x0000000008006eb0                vListInitialise
 .text.vListInitialiseItem
                0x0000000008006eee       0x18 ./Middlewares/Third_Party/FreeRTOS/Source/list.o
                0x0000000008006eee                vListInitialiseItem
 .text.vListInsertEnd
                0x0000000008006f06       0x46 ./Middlewares/Third_Party/FreeRTOS/Source/list.o
                0x0000000008006f06                vListInsertEnd
 .text.vListInsert
                0x0000000008006f4c       0x70 ./Middlewares/Third_Party/FreeRTOS/Source/list.o
                0x0000000008006f4c                vListInsert
 .text.uxListRemove
                0x0000000008006fbc       0x52 ./Middlewares/Third_Party/FreeRTOS/Source/list.o
                0x0000000008006fbc                uxListRemove
 *fill*         0x000000000800700e        0x2 
 .text.xQueueGenericReset
                0x0000000008007010       0xd0 ./Middlewares/Third_Party/FreeRTOS/Source/queue.o
                0x0000000008007010                xQueueGenericReset
 .text.xQueueGenericCreateStatic
                0x00000000080070e0       0xee ./Middlewares/Third_Party/FreeRTOS/Source/queue.o
                0x00000000080070e0                xQueueGenericCreateStatic
 .text.xQueueGenericCreate
                0x00000000080071ce       0x7c ./Middlewares/Third_Party/FreeRTOS/Source/queue.o
                0x00000000080071ce                xQueueGenericCreate
 .text.prvInitialiseNewQueue
                0x000000000800724a       0x46 ./Middlewares/Third_Party/FreeRTOS/Source/queue.o
 .text.xQueueCreateCountingSemaphoreStatic
                0x0000000008007290       0x6e ./Middlewares/Third_Party/FreeRTOS/Source/queue.o
                0x0000000008007290                xQueueCreateCountingSemaphoreStatic
 .text.xQueueCreateCountingSemaphore
                0x00000000080072fe       0x66 ./Middlewares/Third_Party/FreeRTOS/Source/queue.o
                0x00000000080072fe                xQueueCreateCountingSemaphore
 .text.xQueueGenericSend
                0x0000000008007364      0x1fc ./Middlewares/Third_Party/FreeRTOS/Source/queue.o
                0x0000000008007364                xQueueGenericSend
 .text.xQueueGenericSendFromISR
                0x0000000008007560      0x130 ./Middlewares/Third_Party/FreeRTOS/Source/queue.o
                0x0000000008007560                xQueueGenericSendFromISR
 .text.xQueueReceive
                0x0000000008007690      0x1c0 ./Middlewares/Third_Party/FreeRTOS/Source/queue.o
                0x0000000008007690                xQueueReceive
 .text.xQueueSemaphoreTake
                0x0000000008007850      0x218 ./Middlewares/Third_Party/FreeRTOS/Source/queue.o
                0x0000000008007850                xQueueSemaphoreTake
 .text.xQueueReceiveFromISR
                0x0000000008007a68      0x100 ./Middlewares/Third_Party/FreeRTOS/Source/queue.o
                0x0000000008007a68                xQueueReceiveFromISR
 .text.vQueueDelete
                0x0000000008007b68       0x46 ./Middlewares/Third_Party/FreeRTOS/Source/queue.o
                0x0000000008007b68                vQueueDelete
 .text.prvGetDisinheritPriorityAfterTimeout
                0x0000000008007bae       0x2e ./Middlewares/Third_Party/FreeRTOS/Source/queue.o
 .text.prvCopyDataToQueue
                0x0000000008007bdc       0xd4 ./Middlewares/Third_Party/FreeRTOS/Source/queue.o
 .text.prvCopyDataFromQueue
                0x0000000008007cb0       0x4c ./Middlewares/Third_Party/FreeRTOS/Source/queue.o
 .text.prvUnlockQueue
                0x0000000008007cfc       0xa4 ./Middlewares/Third_Party/FreeRTOS/Source/queue.o
 .text.prvIsQueueEmpty
                0x0000000008007da0       0x2c ./Middlewares/Third_Party/FreeRTOS/Source/queue.o
 .text.prvIsQueueFull
                0x0000000008007dcc       0x30 ./Middlewares/Third_Party/FreeRTOS/Source/queue.o
 .text.vQueueAddToRegistry
                0x0000000008007dfc       0x50 ./Middlewares/Third_Party/FreeRTOS/Source/queue.o
                0x0000000008007dfc                vQueueAddToRegistry
 .text.vQueueUnregisterQueue
                0x0000000008007e4c       0x54 ./Middlewares/Third_Party/FreeRTOS/Source/queue.o
                0x0000000008007e4c                vQueueUnregisterQueue
 .text.vQueueWaitForMessageRestricted
                0x0000000008007ea0       0x68 ./Middlewares/Third_Party/FreeRTOS/Source/queue.o
                0x0000000008007ea0                vQueueWaitForMessageRestricted
 .text.xTaskCreateStatic
                0x0000000008007f08       0xb8 ./Middlewares/Third_Party/FreeRTOS/Source/tasks.o
                0x0000000008007f08                xTaskCreateStatic
 .text.xTaskCreate
                0x0000000008007fc0       0x8a ./Middlewares/Third_Party/FreeRTOS/Source/tasks.o
                0x0000000008007fc0                xTaskCreate
 .text.prvInitialiseNewTask
                0x000000000800804a      0x10e ./Middlewares/Third_Party/FreeRTOS/Source/tasks.o
 .text.prvAddNewTaskToReadyList
                0x0000000008008158       0xe0 ./Middlewares/Third_Party/FreeRTOS/Source/tasks.o
 .text.vTaskDelay
                0x0000000008008238       0x68 ./Middlewares/Third_Party/FreeRTOS/Source/tasks.o
                0x0000000008008238                vTaskDelay
 .text.vTaskStartScheduler
                0x00000000080082a0       0xcc ./Middlewares/Third_Party/FreeRTOS/Source/tasks.o
                0x00000000080082a0                vTaskStartScheduler
 .text.vTaskSuspendAll
                0x000000000800836c       0x1c ./Middlewares/Third_Party/FreeRTOS/Source/tasks.o
                0x000000000800836c                vTaskSuspendAll
 .text.xTaskResumeAll
                0x0000000008008388      0x13c ./Middlewares/Third_Party/FreeRTOS/Source/tasks.o
                0x0000000008008388                xTaskResumeAll
 .text.xTaskGetTickCount
                0x00000000080084c4       0x1c ./Middlewares/Third_Party/FreeRTOS/Source/tasks.o
                0x00000000080084c4                xTaskGetTickCount
 .text.xTaskGetTickCountFromISR
                0x00000000080084e0       0x24 ./Middlewares/Third_Party/FreeRTOS/Source/tasks.o
                0x00000000080084e0                xTaskGetTickCountFromISR
 .text.xTaskIncrementTick
                0x0000000008008504      0x17c ./Middlewares/Third_Party/FreeRTOS/Source/tasks.o
                0x0000000008008504                xTaskIncrementTick
 .text.vTaskSwitchContext
                0x0000000008008680       0xb8 ./Middlewares/Third_Party/FreeRTOS/Source/tasks.o
                0x0000000008008680                vTaskSwitchContext
 .text.vTaskPlaceOnEventList
                0x0000000008008738       0x48 ./Middlewares/Third_Party/FreeRTOS/Source/tasks.o
                0x0000000008008738                vTaskPlaceOnEventList
 .text.vTaskPlaceOnEventListRestricted
                0x0000000008008780       0x58 ./Middlewares/Third_Party/FreeRTOS/Source/tasks.o
                0x0000000008008780                vTaskPlaceOnEventListRestricted
 .text.xTaskRemoveFromEventList
                0x00000000080087d8       0xc8 ./Middlewares/Third_Party/FreeRTOS/Source/tasks.o
                0x00000000080087d8                xTaskRemoveFromEventList
 .text.vTaskInternalSetTimeOutState
                0x00000000080088a0       0x2c ./Middlewares/Third_Party/FreeRTOS/Source/tasks.o
                0x00000000080088a0                vTaskInternalSetTimeOutState
 .text.xTaskCheckForTimeOut
                0x00000000080088cc       0xc4 ./Middlewares/Third_Party/FreeRTOS/Source/tasks.o
                0x00000000080088cc                xTaskCheckForTimeOut
 .text.vTaskMissedYield
                0x0000000008008990       0x18 ./Middlewares/Third_Party/FreeRTOS/Source/tasks.o
                0x0000000008008990                vTaskMissedYield
 .text.prvIdleTask
                0x00000000080089a8       0x30 ./Middlewares/Third_Party/FreeRTOS/Source/tasks.o
 .text.prvInitialiseTaskLists
                0x00000000080089d8       0x80 ./Middlewares/Third_Party/FreeRTOS/Source/tasks.o
 .text.prvCheckTasksWaitingTermination
                0x0000000008008a58       0x5c ./Middlewares/Third_Party/FreeRTOS/Source/tasks.o
 .text.prvDeleteTCB
                0x0000000008008ab4       0x5e ./Middlewares/Third_Party/FreeRTOS/Source/tasks.o
 *fill*         0x0000000008008b12        0x2 
 .text.prvResetNextTaskUnblockTime
                0x0000000008008b14       0x48 ./Middlewares/Third_Party/FreeRTOS/Source/tasks.o
 .text.xTaskGetSchedulerState
                0x0000000008008b5c       0x3c ./Middlewares/Third_Party/FreeRTOS/Source/tasks.o
                0x0000000008008b5c                xTaskGetSchedulerState
 .text.xTaskPriorityInherit
                0x0000000008008b98       0xdc ./Middlewares/Third_Party/FreeRTOS/Source/tasks.o
                0x0000000008008b98                xTaskPriorityInherit
 .text.xTaskPriorityDisinherit
                0x0000000008008c74       0xdc ./Middlewares/Third_Party/FreeRTOS/Source/tasks.o
                0x0000000008008c74                xTaskPriorityDisinherit
 .text.vTaskPriorityDisinheritAfterTimeout
                0x0000000008008d50      0x10c ./Middlewares/Third_Party/FreeRTOS/Source/tasks.o
                0x0000000008008d50                vTaskPriorityDisinheritAfterTimeout
 .text.pvTaskIncrementMutexHeldCount
                0x0000000008008e5c       0x28 ./Middlewares/Third_Party/FreeRTOS/Source/tasks.o
                0x0000000008008e5c                pvTaskIncrementMutexHeldCount
 .text.ulTaskNotifyTake
                0x0000000008008e84       0x90 ./Middlewares/Third_Party/FreeRTOS/Source/tasks.o
                0x0000000008008e84                ulTaskNotifyTake
 .text.xTaskGenericNotify
                0x0000000008008f14      0x148 ./Middlewares/Third_Party/FreeRTOS/Source/tasks.o
                0x0000000008008f14                xTaskGenericNotify
 .text.xTaskGenericNotifyFromISR
                0x000000000800905c      0x194 ./Middlewares/Third_Party/FreeRTOS/Source/tasks.o
                0x000000000800905c                xTaskGenericNotifyFromISR
 .text.prvAddCurrentTaskToDelayedList
                0x00000000080091f0       0xa8 ./Middlewares/Third_Party/FreeRTOS/Source/tasks.o
 .text.xTimerCreateTimerTask
                0x0000000008009298       0x90 ./Middlewares/Third_Party/FreeRTOS/Source/timers.o
                0x0000000008009298                xTimerCreateTimerTask
 .text.xTimerCreate
                0x0000000008009328       0x42 ./Middlewares/Third_Party/FreeRTOS/Source/timers.o
                0x0000000008009328                xTimerCreate
 .text.prvInitialiseNewTimer
                0x000000000800936a       0x64 ./Middlewares/Third_Party/FreeRTOS/Source/timers.o
 *fill*         0x00000000080093ce        0x2 
 .text.xTimerGenericCommand
                0x00000000080093d0       0x9c ./Middlewares/Third_Party/FreeRTOS/Source/timers.o
                0x00000000080093d0                xTimerGenericCommand
 .text.prvProcessExpiredTimer
                0x000000000800946c       0x80 ./Middlewares/Third_Party/FreeRTOS/Source/timers.o
 .text.prvTimerTask
                0x00000000080094ec       0x24 ./Middlewares/Third_Party/FreeRTOS/Source/timers.o
 .text.prvProcessTimerOrBlockTask
                0x0000000008009510       0x9c ./Middlewares/Third_Party/FreeRTOS/Source/timers.o
 .text.prvGetNextExpireTime
                0x00000000080095ac       0x48 ./Middlewares/Third_Party/FreeRTOS/Source/timers.o
 .text.prvSampleTimeNow
                0x00000000080095f4       0x40 ./Middlewares/Third_Party/FreeRTOS/Source/timers.o
 .text.prvInsertTimerInActiveList
                0x0000000008009634       0x84 ./Middlewares/Third_Party/FreeRTOS/Source/timers.o
 .text.prvProcessReceivedCommands
                0x00000000080096b8      0x168 ./Middlewares/Third_Party/FreeRTOS/Source/timers.o
 .text.prvSwitchTimerLists
                0x0000000008009820       0xc4 ./Middlewares/Third_Party/FreeRTOS/Source/timers.o
 .text.prvCheckForValidListAndQueue
                0x00000000080098e4       0x80 ./Middlewares/Third_Party/FreeRTOS/Source/timers.o
 .text.pxPortInitialiseStack
                0x0000000008009964       0x58 ./Middlewares/Third_Party/FreeRTOS/Source/portable/GCC/ARM_CM3/port.o
                0x0000000008009964                pxPortInitialiseStack
 .text.prvTaskExitError
                0x00000000080099bc       0x58 ./Middlewares/Third_Party/FreeRTOS/Source/portable/GCC/ARM_CM3/port.o
 *fill*         0x0000000008009a14        0xc 
 .text.SVC_Handler
                0x0000000008009a20       0x28 ./Middlewares/Third_Party/FreeRTOS/Source/portable/GCC/ARM_CM3/port.o
                0x0000000008009a20                SVC_Handler
 .text.prvPortStartFirstTask
                0x0000000008009a48       0x20 ./Middlewares/Third_Party/FreeRTOS/Source/portable/GCC/ARM_CM3/port.o
 .text.xPortStartScheduler
                0x0000000008009a68       0xe4 ./Middlewares/Third_Party/FreeRTOS/Source/portable/GCC/ARM_CM3/port.o
                0x0000000008009a68                xPortStartScheduler
 .text.vPortEnterCritical
                0x0000000008009b4c       0x60 ./Middlewares/Third_Party/FreeRTOS/Source/portable/GCC/ARM_CM3/port.o
                0x0000000008009b4c                vPortEnterCritical
 .text.vPortExitCritical
                0x0000000008009bac       0x50 ./Middlewares/Third_Party/FreeRTOS/Source/portable/GCC/ARM_CM3/port.o
                0x0000000008009bac                vPortExitCritical
 *fill*         0x0000000008009bfc        0x4 
 .text.PendSV_Handler
                0x0000000008009c00       0x48 ./Middlewares/Third_Party/FreeRTOS/Source/portable/GCC/ARM_CM3/port.o
                0x0000000008009c00                PendSV_Handler
 .text.SysTick_Handler
                0x0000000008009c48       0x44 ./Middlewares/Third_Party/FreeRTOS/Source/portable/GCC/ARM_CM3/port.o
                0x0000000008009c48                SysTick_Handler
 .text.vPortSetupTimerInterrupt
                0x0000000008009c8c       0x44 ./Middlewares/Third_Party/FreeRTOS/Source/portable/GCC/ARM_CM3/port.o
                0x0000000008009c8c                vPortSetupTimerInterrupt
 .text.vPortValidateInterruptPriority
                0x0000000008009cd0       0x7c ./Middlewares/Third_Party/FreeRTOS/Source/portable/GCC/ARM_CM3/port.o
                0x0000000008009cd0                vPortValidateInterruptPriority
 .text.pvPortMalloc
                0x0000000008009d4c       0x24 ./Middlewares/Third_Party/FreeRTOS/Source/portable/MemMang/heap_3.o
                0x0000000008009d4c                pvPortMalloc
 .text.vPortFree
                0x0000000008009d70       0x24 ./Middlewares/Third_Party/FreeRTOS/Source/portable/MemMang/heap_3.o
                0x0000000008009d70                vPortFree
 .text.__errno  0x0000000008009d94        0xc l:/st/stm32cubeide_1.5.1/stm32cubeide/plugins/com.st.stm32cube.ide.mcu.externaltools.gnu-tools-for-stm32.9-2020-q2-update.win32_2.0.0.202105311346/tools/bin/../lib/gcc/arm-none-eabi/9.3.1/../../../../arm-none-eabi/lib/thumb/v7-m/nofp\libc_nano.a(lib_a-errno.o)
                0x0000000008009d94                __errno
 .text.__libc_init_array
                0x0000000008009da0       0x48 l:/st/stm32cubeide_1.5.1/stm32cubeide/plugins/com.st.stm32cube.ide.mcu.externaltools.gnu-tools-for-stm32.9-2020-q2-update.win32_2.0.0.202105311346/tools/bin/../lib/gcc/arm-none-eabi/9.3.1/../../../../arm-none-eabi/lib/thumb/v7-m/nofp\libc_nano.a(lib_a-init.o)
                0x0000000008009da0                __libc_init_array
 .text.malloc   0x0000000008009de8       0x10 l:/st/stm32cubeide_1.5.1/stm32cubeide/plugins/com.st.stm32cube.ide.mcu.externaltools.gnu-tools-for-stm32.9-2020-q2-update.win32_2.0.0.202105311346/tools/bin/../lib/gcc/arm-none-eabi/9.3.1/../../../../arm-none-eabi/lib/thumb/v7-m/nofp\libc_nano.a(lib_a-malloc.o)
                0x0000000008009de8                malloc
 .text.free     0x0000000008009df8       0x10 l:/st/stm32cubeide_1.5.1/stm32cubeide/plugins/com.st.stm32cube.ide.mcu.externaltools.gnu-tools-for-stm32.9-2020-q2-update.win32_2.0.0.202105311346/tools/bin/../lib/gcc/arm-none-eabi/9.3.1/../../../../arm-none-eabi/lib/thumb/v7-m/nofp\libc_nano.a(lib_a-malloc.o)
                0x0000000008009df8                free
 .text.memcpy   0x0000000008009e08       0x1c l:/st/stm32cubeide_1.5.1/stm32cubeide/plugins/com.st.stm32cube.ide.mcu.externaltools.gnu-tools-for-stm32.9-2020-q2-update.win32_2.0.0.202105311346/tools/bin/../lib/gcc/arm-none-eabi/9.3.1/../../../../arm-none-eabi/lib/thumb/v7-m/nofp\libc_nano.a(lib_a-memcpy-stub.o)
                0x0000000008009e08                memcpy
 .text.memset   0x0000000008009e24       0x10 l:/st/stm32cubeide_1.5.1/stm32cubeide/plugins/com.st.stm32cube.ide.mcu.externaltools.gnu-tools-for-stm32.9-2020-q2-update.win32_2.0.0.202105311346/tools/bin/../lib/gcc/arm-none-eabi/9.3.1/../../../../arm-none-eabi/lib/thumb/v7-m/nofp\libc_nano.a(lib_a-memset.o)
                0x0000000008009e24                memset
 .text._free_r  0x0000000008009e34       0x98 l:/st/stm32cubeide_1.5.1/stm32cubeide/plugins/com.st.stm32cube.ide.mcu.externaltools.gnu-tools-for-stm32.9-2020-q2-update.win32_2.0.0.202105311346/tools/bin/../lib/gcc/arm-none-eabi/9.3.1/../../../../arm-none-eabi/lib/thumb/v7-m/nofp\libc_nano.a(lib_a-nano-freer.o)
                0x0000000008009e34                _free_r
 .text._malloc_r
                0x0000000008009ecc       0xb4 l:/st/stm32cubeide_1.5.1/stm32cubeide/plugins/com.st.stm32cube.ide.mcu.externaltools.gnu-tools-for-stm32.9-2020-q2-update.win32_2.0.0.202105311346/tools/bin/../lib/gcc/arm-none-eabi/9.3.1/../../../../arm-none-eabi/lib/thumb/v7-m/nofp\libc_nano.a(lib_a-nano-mallocr.o)
                0x0000000008009ecc                _malloc_r
 .text._sbrk_r  0x0000000008009f80       0x20 l:/st/stm32cubeide_1.5.1/stm32cubeide/plugins/com.st.stm32cube.ide.mcu.externaltools.gnu-tools-for-stm32.9-2020-q2-update.win32_2.0.0.202105311346/tools/bin/../lib/gcc/arm-none-eabi/9.3.1/../../../../arm-none-eabi/lib/thumb/v7-m/nofp\libc_nano.a(lib_a-sbrkr.o)
                0x0000000008009f80                _sbrk_r
 .text.sprintf  0x0000000008009fa0       0x40 l:/st/stm32cubeide_1.5.1/stm32cubeide/plugins/com.st.stm32cube.ide.mcu.externaltools.gnu-tools-for-stm32.9-2020-q2-update.win32_2.0.0.202105311346/tools/bin/../lib/gcc/arm-none-eabi/9.3.1/../../../../arm-none-eabi/lib/thumb/v7-m/nofp\libc_nano.a(lib_a-sprintf.o)
                0x0000000008009fa0                siprintf
                0x0000000008009fa0                sprintf
 .text.__malloc_lock
                0x0000000008009fe0        0xc l:/st/stm32cubeide_1.5.1/stm32cubeide/plugins/com.st.stm32cube.ide.mcu.externaltools.gnu-tools-for-stm32.9-2020-q2-update.win32_2.0.0.202105311346/tools/bin/../lib/gcc/arm-none-eabi/9.3.1/../../../../arm-none-eabi/lib/thumb/v7-m/nofp\libc_nano.a(lib_a-mlock.o)
                0x0000000008009fe0                __malloc_lock
 .text.__malloc_unlock
                0x0000000008009fec        0xc l:/st/stm32cubeide_1.5.1/stm32cubeide/plugins/com.st.stm32cube.ide.mcu.externaltools.gnu-tools-for-stm32.9-2020-q2-update.win32_2.0.0.202105311346/tools/bin/../lib/gcc/arm-none-eabi/9.3.1/../../../../arm-none-eabi/lib/thumb/v7-m/nofp\libc_nano.a(lib_a-mlock.o)
                0x0000000008009fec                __malloc_unlock
 .text.__ssputs_r
                0x0000000008009ff8       0xb6 l:/st/stm32cubeide_1.5.1/stm32cubeide/plugins/com.st.stm32cube.ide.mcu.externaltools.gnu-tools-for-stm32.9-2020-q2-update.win32_2.0.0.202105311346/tools/bin/../lib/gcc/arm-none-eabi/9.3.1/../../../../arm-none-eabi/lib/thumb/v7-m/nofp\libc_nano.a(lib_a-nano-svfprintf.o)
                0x0000000008009ff8                __ssputs_r
 *fill*         0x000000000800a0ae        0x2 
 .text._svfprintf_r
                0x000000000800a0b0      0x200 l:/st/stm32cubeide_1.5.1/stm32cubeide/plugins/com.st.stm32cube.ide.mcu.externaltools.gnu-tools-for-stm32.9-2020-q2-update.win32_2.0.0.202105311346/tools/bin/../lib/gcc/arm-none-eabi/9.3.1/../../../../arm-none-eabi/lib/thumb/v7-m/nofp\libc_nano.a(lib_a-nano-svfprintf.o)
                0x000000000800a0b0                _svfiprintf_r
                0x000000000800a0b0                _svfprintf_r
 .text._printf_common
                0x000000000800a2b0       0xde l:/st/stm32cubeide_1.5.1/stm32cubeide/plugins/com.st.stm32cube.ide.mcu.externaltools.gnu-tools-for-stm32.9-2020-q2-update.win32_2.0.0.202105311346/tools/bin/../lib/gcc/arm-none-eabi/9.3.1/../../../../arm-none-eabi/lib/thumb/v7-m/nofp\libc_nano.a(lib_a-nano-vfprintf_i.o)
                0x000000000800a2b0                _printf_common
 *fill*         0x000000000800a38e        0x2 
 .text._printf_i
                0x000000000800a390      0x24c l:/st/stm32cubeide_1.5.1/stm32cubeide/plugins/com.st.stm32cube.ide.mcu.externaltools.gnu-tools-for-stm32.9-2020-q2-update.win32_2.0.0.202105311346/tools/bin/../lib/gcc/arm-none-eabi/9.3.1/../../../../arm-none-eabi/lib/thumb/v7-m/nofp\libc_nano.a(lib_a-nano-vfprintf_i.o)
                0x000000000800a390                _printf_i
 .text.__retarget_lock_acquire_recursive
                0x000000000800a5dc        0x2 l:/st/stm32cubeide_1.5.1/stm32cubeide/plugins/com.st.stm32cube.ide.mcu.externaltools.gnu-tools-for-stm32.9-2020-q2-update.win32_2.0.0.202105311346/tools/bin/../lib/gcc/arm-none-eabi/9.3.1/../../../../arm-none-eabi/lib/thumb/v7-m/nofp\libc_nano.a(lib_a-lock.o)
                0x000000000800a5dc                __retarget_lock_acquire_recursive
 .text.__retarget_lock_release_recursive
                0x000000000800a5de        0x2 l:/st/stm32cubeide_1.5.1/stm32cubeide/plugins/com.st.stm32cube.ide.mcu.externaltools.gnu-tools-for-stm32.9-2020-q2-update.win32_2.0.0.202105311346/tools/bin/../lib/gcc/arm-none-eabi/9.3.1/../../../../arm-none-eabi/lib/thumb/v7-m/nofp\libc_nano.a(lib_a-lock.o)
                0x000000000800a5de                __retarget_lock_release_recursive
 .text.memchr   0x000000000800a5e0       0x1c l:/st/stm32cubeide_1.5.1/stm32cubeide/plugins/com.st.stm32cube.ide.mcu.externaltools.gnu-tools-for-stm32.9-2020-q2-update.win32_2.0.0.202105311346/tools/bin/../lib/gcc/arm-none-eabi/9.3.1/../../../../arm-none-eabi/lib/thumb/v7-m/nofp\libc_nano.a(lib_a-memchr-stub.o)
                0x000000000800a5e0                memchr
 .text.memmove  0x000000000800a5fc       0x34 l:/st/stm32cubeide_1.5.1/stm32cubeide/plugins/com.st.stm32cube.ide.mcu.externaltools.gnu-tools-for-stm32.9-2020-q2-update.win32_2.0.0.202105311346/tools/bin/../lib/gcc/arm-none-eabi/9.3.1/../../../../arm-none-eabi/lib/thumb/v7-m/nofp\libc_nano.a(lib_a-memmove.o)
                0x000000000800a5fc                memmove
 .text._realloc_r
                0x000000000800a630       0x4c l:/st/stm32cubeide_1.5.1/stm32cubeide/plugins/com.st.stm32cube.ide.mcu.externaltools.gnu-tools-for-stm32.9-2020-q2-update.win32_2.0.0.202105311346/tools/bin/../lib/gcc/arm-none-eabi/9.3.1/../../../../arm-none-eabi/lib/thumb/v7-m/nofp\libc_nano.a(lib_a-nano-reallocr.o)
                0x000000000800a630                _realloc_r
 .text._malloc_usable_size_r
                0x000000000800a67c       0x10 l:/st/stm32cubeide_1.5.1/stm32cubeide/plugins/com.st.stm32cube.ide.mcu.externaltools.gnu-tools-for-stm32.9-2020-q2-update.win32_2.0.0.202105311346/tools/bin/../lib/gcc/arm-none-eabi/9.3.1/../../../../arm-none-eabi/lib/thumb/v7-m/nofp\libc_nano.a(lib_a-nano-msizer.o)
                0x000000000800a67c                _malloc_usable_size_r
 *(.glue_7)
 .glue_7        0x000000000800a68c        0x0 linker stubs
 *(.glue_7t)
 .glue_7t       0x000000000800a68c        0x0 linker stubs
 *(.eh_frame)
 .eh_frame      0x000000000800a68c        0x0 l:/st/stm32cubeide_1.5.1/stm32cubeide/plugins/com.st.stm32cube.ide.mcu.externaltools.gnu-tools-for-stm32.9-2020-q2-update.win32_2.0.0.202105311346/tools/bin/../lib/gcc/arm-none-eabi/9.3.1/thumb/v7-m/nofp/crtbegin.o
 *(.init)
 .init          0x000000000800a68c        0x4 l:/st/stm32cubeide_1.5.1/stm32cubeide/plugins/com.st.stm32cube.ide.mcu.externaltools.gnu-tools-for-stm32.9-2020-q2-update.win32_2.0.0.202105311346/tools/bin/../lib/gcc/arm-none-eabi/9.3.1/thumb/v7-m/nofp/crti.o
                0x000000000800a68c                _init
 .init          0x000000000800a690        0x8 l:/st/stm32cubeide_1.5.1/stm32cubeide/plugins/com.st.stm32cube.ide.mcu.externaltools.gnu-tools-for-stm32.9-2020-q2-update.win32_2.0.0.202105311346/tools/bin/../lib/gcc/arm-none-eabi/9.3.1/thumb/v7-m/nofp/crtn.o
 *(.fini)
 .fini          0x000000000800a698        0x4 l:/st/stm32cubeide_1.5.1/stm32cubeide/plugins/com.st.stm32cube.ide.mcu.externaltools.gnu-tools-for-stm32.9-2020-q2-update.win32_2.0.0.202105311346/tools/bin/../lib/gcc/arm-none-eabi/9.3.1/thumb/v7-m/nofp/crti.o
                0x000000000800a698                _fini
 .fini          0x000000000800a69c        0x8 l:/st/stm32cubeide_1.5.1/stm32cubeide/plugins/com.st.stm32cube.ide.mcu.externaltools.gnu-tools-for-stm32.9-2020-q2-update.win32_2.0.0.202105311346/tools/bin/../lib/gcc/arm-none-eabi/9.3.1/thumb/v7-m/nofp/crtn.o
                0x000000000800a6a4                . = ALIGN (0x4)
                0x000000000800a6a4                _etext = .

.vfp11_veneer   0x000000000800a6a4        0x0
 .vfp11_veneer  0x000000000800a6a4        0x0 linker stubs

.v4_bx          0x000000000800a6a4        0x0
 .v4_bx         0x000000000800a6a4        0x0 linker stubs

.iplt           0x000000000800a6a4        0x0
 .iplt          0x000000000800a6a4        0x0 l:/st/stm32cubeide_1.5.1/stm32cubeide/plugins/com.st.stm32cube.ide.mcu.externaltools.gnu-tools-for-stm32.9-2020-q2-update.win32_2.0.0.202105311346/tools/bin/../lib/gcc/arm-none-eabi/9.3.1/thumb/v7-m/nofp/crtbegin.o

.rodata         0x000000000800a6a4      0x290
                0x000000000800a6a4                . = ALIGN (0x4)
 *(.rodata)
 .rodata        0x000000000800a6a4       0x5d ./Core/Src/Modbus.o
 *fill*         0x000000000800a701        0x3 
 .rodata        0x000000000800a704       0x99 ./Core/Src/main.o
 *fill*         0x000000000800a79d        0x3 
 .rodata        0x000000000800a7a0       0x10 ./Drivers/STM32F1xx_HAL_Driver/Src/stm32f1xx_hal_rcc.o
 .rodata        0x000000000800a7b0        0x5 ./Middlewares/Third_Party/FreeRTOS/Source/tasks.o
 *fill*         0x000000000800a7b5        0x3 
 .rodata        0x000000000800a7b8        0xd ./Middlewares/Third_Party/FreeRTOS/Source/timers.o
 *(.rodata*)
 *fill*         0x000000000800a7c5        0x3 
 .rodata.QueueTelegram_attributes
                0x000000000800a7c8       0x18 ./Core/Src/Modbus.o
                0x000000000800a7c8                QueueTelegram_attributes
 .rodata.myTaskModbusA_attributes
                0x000000000800a7e0       0x24 ./Core/Src/Modbus.o
                0x000000000800a7e0                myTaskModbusA_attributes
 .rodata.myTaskModbusB_attributes
                0x000000000800a804       0x24 ./Core/Src/Modbus.o
                0x000000000800a804                myTaskModbusB_attributes
 .rodata.ModBusSphr_attributes
                0x000000000800a828       0x10 ./Core/Src/Modbus.o
                0x000000000800a828                ModBusSphr_attributes
 .rodata.fctsupported
                0x000000000800a838        0x8 ./Core/Src/Modbus.o
                0x000000000800a838                fctsupported
 .rodata.Modbus_attributes
                0x000000000800a840       0x24 ./Core/Src/main.o
                0x000000000800a840                Modbus_attributes
 .rodata.ADC_attributes
                0x000000000800a864       0x24 ./Core/Src/main.o
                0x000000000800a864                ADC_attributes
 .rodata.Encoders_attributes
                0x000000000800a888       0x24 ./Core/Src/main.o
                0x000000000800a888                Encoders_attributes
 .rodata.Control_attributes
                0x000000000800a8ac       0x24 ./Core/Src/main.o
                0x000000000800a8ac                Control_attributes
 .rodata.QueueDataADC_attributes
                0x000000000800a8d0       0x18 ./Core/Src/main.o
                0x000000000800a8d0                QueueDataADC_attributes
 .rodata.AHBPrescTable
                0x000000000800a8e8       0x10 ./Core/Src/system_stm32f1xx.o
                0x000000000800a8e8                AHBPrescTable
 .rodata.APBPrescTable
                0x000000000800a8f8        0x8 ./Core/Src/system_stm32f1xx.o
                0x000000000800a8f8                APBPrescTable
 .rodata._svfprintf_r.str1.1
                0x000000000800a900       0x11 l:/st/stm32cubeide_1.5.1/stm32cubeide/plugins/com.st.stm32cube.ide.mcu.externaltools.gnu-tools-for-stm32.9-2020-q2-update.win32_2.0.0.202105311346/tools/bin/../lib/gcc/arm-none-eabi/9.3.1/../../../../arm-none-eabi/lib/thumb/v7-m/nofp\libc_nano.a(lib_a-nano-svfprintf.o)
 .rodata._printf_i.str1.1
                0x000000000800a911       0x22 l:/st/stm32cubeide_1.5.1/stm32cubeide/plugins/com.st.stm32cube.ide.mcu.externaltools.gnu-tools-for-stm32.9-2020-q2-update.win32_2.0.0.202105311346/tools/bin/../lib/gcc/arm-none-eabi/9.3.1/../../../../arm-none-eabi/lib/thumb/v7-m/nofp\libc_nano.a(lib_a-nano-vfprintf_i.o)
                0x000000000800a934                . = ALIGN (0x4)
 *fill*         0x000000000800a933        0x1 

.rel.dyn        0x000000000800a934        0x0
 .rel.iplt      0x000000000800a934        0x0 l:/st/stm32cubeide_1.5.1/stm32cubeide/plugins/com.st.stm32cube.ide.mcu.externaltools.gnu-tools-for-stm32.9-2020-q2-update.win32_2.0.0.202105311346/tools/bin/../lib/gcc/arm-none-eabi/9.3.1/thumb/v7-m/nofp/crtbegin.o

.ARM.extab      0x000000000800a934        0x0
                0x000000000800a934                . = ALIGN (0x4)
 *(.ARM.extab* .gnu.linkonce.armextab.*)
                0x000000000800a934                . = ALIGN (0x4)

.ARM            0x000000000800a934        0x0
                0x000000000800a934                . = ALIGN (0x4)
                0x000000000800a934                __exidx_start = .
 *(.ARM.exidx*)
                0x000000000800a934                __exidx_end = .
                0x000000000800a934                . = ALIGN (0x4)

.preinit_array  0x000000000800a934        0x0
                0x000000000800a934                . = ALIGN (0x4)
                0x000000000800a934                PROVIDE (__preinit_array_start = .)
 *(.preinit_array*)
                0x000000000800a934                PROVIDE (__preinit_array_end = .)
                0x000000000800a934                . = ALIGN (0x4)

.init_array     0x000000000800a934        0x4
                0x000000000800a934                . = ALIGN (0x4)
                0x000000000800a934                PROVIDE (__init_array_start = .)
 *(SORT_BY_NAME(.init_array.*))
 *(.init_array*)
 .init_array    0x000000000800a934        0x4 l:/st/stm32cubeide_1.5.1/stm32cubeide/plugins/com.st.stm32cube.ide.mcu.externaltools.gnu-tools-for-stm32.9-2020-q2-update.win32_2.0.0.202105311346/tools/bin/../lib/gcc/arm-none-eabi/9.3.1/thumb/v7-m/nofp/crtbegin.o
                0x000000000800a938                PROVIDE (__init_array_end = .)
                0x000000000800a938                . = ALIGN (0x4)

.fini_array     0x000000000800a938        0x4
                0x000000000800a938                . = ALIGN (0x4)
                [!provide]                        PROVIDE (__fini_array_start = .)
 *(SORT_BY_NAME(.fini_array.*))
 *(.fini_array*)
 .fini_array    0x000000000800a938        0x4 l:/st/stm32cubeide_1.5.1/stm32cubeide/plugins/com.st.stm32cube.ide.mcu.externaltools.gnu-tools-for-stm32.9-2020-q2-update.win32_2.0.0.202105311346/tools/bin/../lib/gcc/arm-none-eabi/9.3.1/thumb/v7-m/nofp/crtbegin.o
                [!provide]                        PROVIDE (__fini_array_end = .)
                0x000000000800a93c                . = ALIGN (0x4)
                0x000000000800a93c                _sidata = LOADADDR (.data)

.data           0x0000000020000000       0x9c load address 0x000000000800a93c
                0x0000000020000000                . = ALIGN (0x4)
                0x0000000020000000                _sdata = .
 *(.data)
 *(.data*)
 .data.ModbusDATA
                0x0000000020000000       0x1a ./Core/Src/main.o
                0x0000000020000000                ModbusDATA
 *fill*         0x000000002000001a        0x2 
 .data.Ts       0x000000002000001c        0x4 ./Core/Src/main.o
                0x000000002000001c                Ts
 .data.ranuras  0x0000000020000020        0x4 ./Core/Src/main.o
                0x0000000020000020                ranuras
 .data.freq     0x0000000020000024        0x4 ./Core/Src/main.o
                0x0000000020000024                freq
 .data.SystemCoreClock
                0x0000000020000028        0x4 ./Core/Src/system_stm32f1xx.o
                0x0000000020000028                SystemCoreClock
 .data.uwTickPrio
                0x000000002000002c        0x4 ./Drivers/STM32F1xx_HAL_Driver/Src/stm32f1xx_hal.o
                0x000000002000002c                uwTickPrio
 .data.uwTickFreq
                0x0000000020000030        0x1 ./Drivers/STM32F1xx_HAL_Driver/Src/stm32f1xx_hal.o
                0x0000000020000030                uwTickFreq
 *fill*         0x0000000020000031        0x3 
 .data.uxCriticalNesting
                0x0000000020000034        0x4 ./Middlewares/Third_Party/FreeRTOS/Source/portable/GCC/ARM_CM3/port.o
 .data._impure_ptr
                0x0000000020000038        0x4 l:/st/stm32cubeide_1.5.1/stm32cubeide/plugins/com.st.stm32cube.ide.mcu.externaltools.gnu-tools-for-stm32.9-2020-q2-update.win32_2.0.0.202105311346/tools/bin/../lib/gcc/arm-none-eabi/9.3.1/../../../../arm-none-eabi/lib/thumb/v7-m/nofp\libc_nano.a(lib_a-impure.o)
                0x0000000020000038                _impure_ptr
 .data.impure_data
                0x000000002000003c       0x60 l:/st/stm32cubeide_1.5.1/stm32cubeide/plugins/com.st.stm32cube.ide.mcu.externaltools.gnu-tools-for-stm32.9-2020-q2-update.win32_2.0.0.202105311346/tools/bin/../lib/gcc/arm-none-eabi/9.3.1/../../../../arm-none-eabi/lib/thumb/v7-m/nofp\libc_nano.a(lib_a-impure.o)
 *(.RamFunc)
 *(.RamFunc*)
                0x000000002000009c                . = ALIGN (0x4)
                0x000000002000009c                _edata = .

.igot.plt       0x000000002000009c        0x0 load address 0x000000000800a9d8
 .igot.plt      0x000000002000009c        0x0 l:/st/stm32cubeide_1.5.1/stm32cubeide/plugins/com.st.stm32cube.ide.mcu.externaltools.gnu-tools-for-stm32.9-2020-q2-update.win32_2.0.0.202105311346/tools/bin/../lib/gcc/arm-none-eabi/9.3.1/thumb/v7-m/nofp/crtbegin.o
                0x000000002000009c                . = ALIGN (0x4)

.bss            0x000000002000009c     0x1020 load address 0x000000000800a9d8
                0x000000002000009c                _sbss = .
                0x000000002000009c                __bss_start__ = _sbss
 *(.bss)
 .bss           0x000000002000009c       0x1c l:/st/stm32cubeide_1.5.1/stm32cubeide/plugins/com.st.stm32cube.ide.mcu.externaltools.gnu-tools-for-stm32.9-2020-q2-update.win32_2.0.0.202105311346/tools/bin/../lib/gcc/arm-none-eabi/9.3.1/thumb/v7-m/nofp/crtbegin.o
 *(.bss*)
 .bss.numberHandlers
                0x00000000200000b8        0x1 ./Core/Src/Modbus.o
                0x00000000200000b8                numberHandlers
 *fill*         0x00000000200000b9        0x3 
 .bss.incremento_enconder
                0x00000000200000bc        0x4 ./Core/Src/main.o
                0x00000000200000bc                incremento_enconder
 .bss.__sbrk_heap_end
                0x00000000200000c0        0x4 ./Core/Src/sysmem.o
 .bss.KernelState
                0x00000000200000c4        0x4 ./Middlewares/Third_Party/FreeRTOS/Source/CMSIS_RTOS_V2/cmsis_os2.o
 .bss.Idle_TCB  0x00000000200000c8       0x5c ./Middlewares/Third_Party/FreeRTOS/Source/CMSIS_RTOS_V2/cmsis_os2.o
 .bss.Idle_Stack
                0x0000000020000124      0x200 ./Middlewares/Third_Party/FreeRTOS/Source/CMSIS_RTOS_V2/cmsis_os2.o
 .bss.Timer_TCB
                0x0000000020000324       0x5c ./Middlewares/Third_Party/FreeRTOS/Source/CMSIS_RTOS_V2/cmsis_os2.o
 .bss.Timer_Stack
                0x0000000020000380      0x400 ./Middlewares/Third_Party/FreeRTOS/Source/CMSIS_RTOS_V2/cmsis_os2.o
 .bss.pxCurrentTCB
                0x0000000020000780        0x4 ./Middlewares/Third_Party/FreeRTOS/Source/tasks.o
                0x0000000020000780                pxCurrentTCB
 .bss.pxReadyTasksLists
                0x0000000020000784      0x460 ./Middlewares/Third_Party/FreeRTOS/Source/tasks.o
 .bss.xDelayedTaskList1
                0x0000000020000be4       0x14 ./Middlewares/Third_Party/FreeRTOS/Source/tasks.o
 .bss.xDelayedTaskList2
                0x0000000020000bf8       0x14 ./Middlewares/Third_Party/FreeRTOS/Source/tasks.o
 .bss.pxDelayedTaskList
                0x0000000020000c0c        0x4 ./Middlewares/Third_Party/FreeRTOS/Source/tasks.o
 .bss.pxOverflowDelayedTaskList
                0x0000000020000c10        0x4 ./Middlewares/Third_Party/FreeRTOS/Source/tasks.o
 .bss.xPendingReadyList
                0x0000000020000c14       0x14 ./Middlewares/Third_Party/FreeRTOS/Source/tasks.o
 .bss.xTasksWaitingTermination
                0x0000000020000c28       0x14 ./Middlewares/Third_Party/FreeRTOS/Source/tasks.o
 .bss.uxDeletedTasksWaitingCleanUp
                0x0000000020000c3c        0x4 ./Middlewares/Third_Party/FreeRTOS/Source/tasks.o
 .bss.xSuspendedTaskList
                0x0000000020000c40       0x14 ./Middlewares/Third_Party/FreeRTOS/Source/tasks.o
 .bss.uxCurrentNumberOfTasks
                0x0000000020000c54        0x4 ./Middlewares/Third_Party/FreeRTOS/Source/tasks.o
 .bss.xTickCount
                0x0000000020000c58        0x4 ./Middlewares/Third_Party/FreeRTOS/Source/tasks.o
 .bss.uxTopReadyPriority
                0x0000000020000c5c        0x4 ./Middlewares/Third_Party/FreeRTOS/Source/tasks.o
 .bss.xSchedulerRunning
                0x0000000020000c60        0x4 ./Middlewares/Third_Party/FreeRTOS/Source/tasks.o
 .bss.uxPendedTicks
                0x0000000020000c64        0x4 ./Middlewares/Third_Party/FreeRTOS/Source/tasks.o
 .bss.xYieldPending
                0x0000000020000c68        0x4 ./Middlewares/Third_Party/FreeRTOS/Source/tasks.o
 .bss.xNumOfOverflows
                0x0000000020000c6c        0x4 ./Middlewares/Third_Party/FreeRTOS/Source/tasks.o
 .bss.uxTaskNumber
                0x0000000020000c70        0x4 ./Middlewares/Third_Party/FreeRTOS/Source/tasks.o
 .bss.xNextTaskUnblockTime
                0x0000000020000c74        0x4 ./Middlewares/Third_Party/FreeRTOS/Source/tasks.o
 .bss.xIdleTaskHandle
                0x0000000020000c78        0x4 ./Middlewares/Third_Party/FreeRTOS/Source/tasks.o
 .bss.uxSchedulerSuspended
                0x0000000020000c7c        0x4 ./Middlewares/Third_Party/FreeRTOS/Source/tasks.o
 .bss.xActiveTimerList1
                0x0000000020000c80       0x14 ./Middlewares/Third_Party/FreeRTOS/Source/timers.o
 .bss.xActiveTimerList2
                0x0000000020000c94       0x14 ./Middlewares/Third_Party/FreeRTOS/Source/timers.o
 .bss.pxCurrentTimerList
                0x0000000020000ca8        0x4 ./Middlewares/Third_Party/FreeRTOS/Source/timers.o
 .bss.pxOverflowTimerList
                0x0000000020000cac        0x4 ./Middlewares/Third_Party/FreeRTOS/Source/timers.o
 .bss.xTimerQueue
                0x0000000020000cb0        0x4 ./Middlewares/Third_Party/FreeRTOS/Source/timers.o
 .bss.xTimerTaskHandle
                0x0000000020000cb4        0x4 ./Middlewares/Third_Party/FreeRTOS/Source/timers.o
 .bss.xLastTime.5524
                0x0000000020000cb8        0x4 ./Middlewares/Third_Party/FreeRTOS/Source/timers.o
 .bss.ucStaticTimerQueueStorage.5575
                0x0000000020000cbc       0xa0 ./Middlewares/Third_Party/FreeRTOS/Source/timers.o
 .bss.xStaticTimerQueue.5574
                0x0000000020000d5c       0x50 ./Middlewares/Third_Party/FreeRTOS/Source/timers.o
 .bss.ucMaxSysCallPriority
                0x0000000020000dac        0x1 ./Middlewares/Third_Party/FreeRTOS/Source/portable/GCC/ARM_CM3/port.o
 *fill*         0x0000000020000dad        0x3 
 .bss.ulMaxPRIGROUPValue
                0x0000000020000db0        0x4 ./Middlewares/Third_Party/FreeRTOS/Source/portable/GCC/ARM_CM3/port.o
 .bss.__malloc_free_list
                0x0000000020000db4        0x4 l:/st/stm32cubeide_1.5.1/stm32cubeide/plugins/com.st.stm32cube.ide.mcu.externaltools.gnu-tools-for-stm32.9-2020-q2-update.win32_2.0.0.202105311346/tools/bin/../lib/gcc/arm-none-eabi/9.3.1/../../../../arm-none-eabi/lib/thumb/v7-m/nofp\libc_nano.a(lib_a-nano-mallocr.o)
                0x0000000020000db4                __malloc_free_list
 .bss.__malloc_sbrk_start
                0x0000000020000db8        0x4 l:/st/stm32cubeide_1.5.1/stm32cubeide/plugins/com.st.stm32cube.ide.mcu.externaltools.gnu-tools-for-stm32.9-2020-q2-update.win32_2.0.0.202105311346/tools/bin/../lib/gcc/arm-none-eabi/9.3.1/../../../../arm-none-eabi/lib/thumb/v7-m/nofp\libc_nano.a(lib_a-nano-mallocr.o)
                0x0000000020000db8                __malloc_sbrk_start
 *(COMMON)
 COMMON         0x0000000020000dbc        0x8 ./Core/Src/Modbus.o
                0x0000000020000dbc                mHandlers
 COMMON         0x0000000020000dc4      0x25c ./Core/Src/main.o
                0x0000000020000dc4                ModbusH
                0x0000000020000f08                EncodersHandle
                0x0000000020000f0c                huart3
                0x0000000020000f50                ControlHandle
                0x0000000020000f54                hadc1
                0x0000000020000f84                velocidad
                0x0000000020000f88                hdma_adc1
                0x0000000020000fcc                htim1
                0x0000000020001014                ADCHandle
                0x0000000020001018                QueueDataADCHandle
                0x000000002000101c                ModbusHandle
 COMMON         0x0000000020001020       0x48 ./Core/Src/stm32f1xx_hal_timebase_tim.o
                0x0000000020001020                htim4
 COMMON         0x0000000020001068        0x4 ./Drivers/STM32F1xx_HAL_Driver/Src/stm32f1xx_hal.o
                0x0000000020001068                uwTick
 COMMON         0x000000002000106c       0x40 ./Middlewares/Third_Party/FreeRTOS/Source/queue.o
                0x000000002000106c                xQueueRegistry
 COMMON         0x00000000200010ac        0x4 l:/st/stm32cubeide_1.5.1/stm32cubeide/plugins/com.st.stm32cube.ide.mcu.externaltools.gnu-tools-for-stm32.9-2020-q2-update.win32_2.0.0.202105311346/tools/bin/../lib/gcc/arm-none-eabi/9.3.1/../../../../arm-none-eabi/lib/thumb/v7-m/nofp\libc_nano.a(lib_a-reent.o)
                0x00000000200010ac                errno
 COMMON         0x00000000200010b0        0x9 l:/st/stm32cubeide_1.5.1/stm32cubeide/plugins/com.st.stm32cube.ide.mcu.externaltools.gnu-tools-for-stm32.9-2020-q2-update.win32_2.0.0.202105311346/tools/bin/../lib/gcc/arm-none-eabi/9.3.1/../../../../arm-none-eabi/lib/thumb/v7-m/nofp\libc_nano.a(lib_a-lock.o)
                0x00000000200010b0                __lock___atexit_recursive_mutex
                0x00000000200010b1                __lock___arc4random_mutex
                0x00000000200010b2                __lock___env_recursive_mutex
                0x00000000200010b3                __lock___sinit_recursive_mutex
                0x00000000200010b4                __lock___malloc_recursive_mutex
                0x00000000200010b5                __lock___at_quick_exit_mutex
                0x00000000200010b6                __lock___dd_hash_mutex
                0x00000000200010b7                __lock___tz_mutex
                0x00000000200010b8                __lock___sfp_recursive_mutex
                0x00000000200010bc                . = ALIGN (0x4)
 *fill*         0x00000000200010b9        0x3 
                0x00000000200010bc                _ebss = .
                0x00000000200010bc                __bss_end__ = _ebss

._user_heap_stack
                0x00000000200010bc      0x604 load address 0x000000000800a9d8
                0x00000000200010c0                . = ALIGN (0x8)
 *fill*         0x00000000200010bc        0x4 
                [!provide]                        PROVIDE (end = .)
                0x00000000200010c0                PROVIDE (_end = .)
                0x00000000200012c0                . = (. + _Min_Heap_Size)
 *fill*         0x00000000200010c0      0x200 
                0x00000000200016c0                . = (. + _Min_Stack_Size)
 *fill*         0x00000000200012c0      0x400 
                0x00000000200016c0                . = ALIGN (0x8)

/DISCARD/
 libc.a(*)
 libm.a(*)
 libgcc.a(*)

.ARM.attributes
                0x0000000000000000       0x29
 *(.ARM.attributes)
 .ARM.attributes
                0x0000000000000000       0x1d l:/st/stm32cubeide_1.5.1/stm32cubeide/plugins/com.st.stm32cube.ide.mcu.externaltools.gnu-tools-for-stm32.9-2020-q2-update.win32_2.0.0.202105311346/tools/bin/../lib/gcc/arm-none-eabi/9.3.1/thumb/v7-m/nofp/crti.o
 .ARM.attributes
                0x000000000000001d       0x2d l:/st/stm32cubeide_1.5.1/stm32cubeide/plugins/com.st.stm32cube.ide.mcu.externaltools.gnu-tools-for-stm32.9-2020-q2-update.win32_2.0.0.202105311346/tools/bin/../lib/gcc/arm-none-eabi/9.3.1/thumb/v7-m/nofp/crtbegin.o
 .ARM.attributes
                0x000000000000004a       0x2d ./Core/Src/Modbus.o
 .ARM.attributes
                0x0000000000000077       0x2d ./Core/Src/UARTCallback.o
 .ARM.attributes
                0x00000000000000a4       0x2d ./Core/Src/main.o
 .ARM.attributes
                0x00000000000000d1       0x2d ./Core/Src/stm32f1xx_hal_msp.o
 .ARM.attributes
                0x00000000000000fe       0x2d ./Core/Src/stm32f1xx_hal_timebase_tim.o
 .ARM.attributes
                0x000000000000012b       0x2d ./Core/Src/stm32f1xx_it.o
 .ARM.attributes
                0x0000000000000158       0x2d ./Core/Src/sysmem.o
 .ARM.attributes
                0x0000000000000185       0x2d ./Core/Src/system_stm32f1xx.o
 .ARM.attributes
                0x00000000000001b2       0x21 ./Core/Startup/startup_stm32f103c8tx.o
 .ARM.attributes
                0x00000000000001d3       0x2d ./Drivers/STM32F1xx_HAL_Driver/Src/stm32f1xx_hal.o
 .ARM.attributes
                0x0000000000000200       0x2d ./Drivers/STM32F1xx_HAL_Driver/Src/stm32f1xx_hal_adc.o
 .ARM.attributes
                0x000000000000022d       0x2d ./Drivers/STM32F1xx_HAL_Driver/Src/stm32f1xx_hal_adc_ex.o
 .ARM.attributes
                0x000000000000025a       0x2d ./Drivers/STM32F1xx_HAL_Driver/Src/stm32f1xx_hal_cortex.o
 .ARM.attributes
                0x0000000000000287       0x2d ./Drivers/STM32F1xx_HAL_Driver/Src/stm32f1xx_hal_dma.o
 .ARM.attributes
                0x00000000000002b4       0x2d ./Drivers/STM32F1xx_HAL_Driver/Src/stm32f1xx_hal_gpio.o
 .ARM.attributes
                0x00000000000002e1       0x2d ./Drivers/STM32F1xx_HAL_Driver/Src/stm32f1xx_hal_rcc.o
 .ARM.attributes
                0x000000000000030e       0x2d ./Drivers/STM32F1xx_HAL_Driver/Src/stm32f1xx_hal_rcc_ex.o
 .ARM.attributes
                0x000000000000033b       0x2d ./Drivers/STM32F1xx_HAL_Driver/Src/stm32f1xx_hal_tim.o
 .ARM.attributes
                0x0000000000000368       0x2d ./Drivers/STM32F1xx_HAL_Driver/Src/stm32f1xx_hal_tim_ex.o
 .ARM.attributes
                0x0000000000000395       0x2d ./Drivers/STM32F1xx_HAL_Driver/Src/stm32f1xx_hal_uart.o
 .ARM.attributes
                0x00000000000003c2       0x2d ./Middlewares/Third_Party/FreeRTOS/Source/CMSIS_RTOS_V2/cmsis_os2.o
 .ARM.attributes
                0x00000000000003ef       0x2d ./Middlewares/Third_Party/FreeRTOS/Source/list.o
 .ARM.attributes
                0x000000000000041c       0x2d ./Middlewares/Third_Party/FreeRTOS/Source/queue.o
 .ARM.attributes
                0x0000000000000449       0x2d ./Middlewares/Third_Party/FreeRTOS/Source/tasks.o
 .ARM.attributes
                0x0000000000000476       0x2d ./Middlewares/Third_Party/FreeRTOS/Source/timers.o
 .ARM.attributes
                0x00000000000004a3       0x2d ./Middlewares/Third_Party/FreeRTOS/Source/portable/GCC/ARM_CM3/port.o
 .ARM.attributes
                0x00000000000004d0       0x2d ./Middlewares/Third_Party/FreeRTOS/Source/portable/MemMang/heap_3.o
 .ARM.attributes
                0x00000000000004fd       0x2d l:/st/stm32cubeide_1.5.1/stm32cubeide/plugins/com.st.stm32cube.ide.mcu.externaltools.gnu-tools-for-stm32.9-2020-q2-update.win32_2.0.0.202105311346/tools/bin/../lib/gcc/arm-none-eabi/9.3.1/../../../../arm-none-eabi/lib/thumb/v7-m/nofp\libc_nano.a(lib_a-errno.o)
 .ARM.attributes
                0x000000000000052a       0x2d l:/st/stm32cubeide_1.5.1/stm32cubeide/plugins/com.st.stm32cube.ide.mcu.externaltools.gnu-tools-for-stm32.9-2020-q2-update.win32_2.0.0.202105311346/tools/bin/../lib/gcc/arm-none-eabi/9.3.1/../../../../arm-none-eabi/lib/thumb/v7-m/nofp\libc_nano.a(lib_a-impure.o)
 .ARM.attributes
                0x0000000000000557       0x2d l:/st/stm32cubeide_1.5.1/stm32cubeide/plugins/com.st.stm32cube.ide.mcu.externaltools.gnu-tools-for-stm32.9-2020-q2-update.win32_2.0.0.202105311346/tools/bin/../lib/gcc/arm-none-eabi/9.3.1/../../../../arm-none-eabi/lib/thumb/v7-m/nofp\libc_nano.a(lib_a-init.o)
 .ARM.attributes
                0x0000000000000584       0x2d l:/st/stm32cubeide_1.5.1/stm32cubeide/plugins/com.st.stm32cube.ide.mcu.externaltools.gnu-tools-for-stm32.9-2020-q2-update.win32_2.0.0.202105311346/tools/bin/../lib/gcc/arm-none-eabi/9.3.1/../../../../arm-none-eabi/lib/thumb/v7-m/nofp\libc_nano.a(lib_a-malloc.o)
 .ARM.attributes
                0x00000000000005b1       0x2d l:/st/stm32cubeide_1.5.1/stm32cubeide/plugins/com.st.stm32cube.ide.mcu.externaltools.gnu-tools-for-stm32.9-2020-q2-update.win32_2.0.0.202105311346/tools/bin/../lib/gcc/arm-none-eabi/9.3.1/../../../../arm-none-eabi/lib/thumb/v7-m/nofp\libc_nano.a(lib_a-memcpy-stub.o)
 .ARM.attributes
                0x00000000000005de       0x2d l:/st/stm32cubeide_1.5.1/stm32cubeide/plugins/com.st.stm32cube.ide.mcu.externaltools.gnu-tools-for-stm32.9-2020-q2-update.win32_2.0.0.202105311346/tools/bin/../lib/gcc/arm-none-eabi/9.3.1/../../../../arm-none-eabi/lib/thumb/v7-m/nofp\libc_nano.a(lib_a-memset.o)
 .ARM.attributes
                0x000000000000060b       0x2d l:/st/stm32cubeide_1.5.1/stm32cubeide/plugins/com.st.stm32cube.ide.mcu.externaltools.gnu-tools-for-stm32.9-2020-q2-update.win32_2.0.0.202105311346/tools/bin/../lib/gcc/arm-none-eabi/9.3.1/../../../../arm-none-eabi/lib/thumb/v7-m/nofp\libc_nano.a(lib_a-nano-freer.o)
 .ARM.attributes
                0x0000000000000638       0x2d l:/st/stm32cubeide_1.5.1/stm32cubeide/plugins/com.st.stm32cube.ide.mcu.externaltools.gnu-tools-for-stm32.9-2020-q2-update.win32_2.0.0.202105311346/tools/bin/../lib/gcc/arm-none-eabi/9.3.1/../../../../arm-none-eabi/lib/thumb/v7-m/nofp\libc_nano.a(lib_a-nano-mallocr.o)
 .ARM.attributes
                0x0000000000000665       0x2d l:/st/stm32cubeide_1.5.1/stm32cubeide/plugins/com.st.stm32cube.ide.mcu.externaltools.gnu-tools-for-stm32.9-2020-q2-update.win32_2.0.0.202105311346/tools/bin/../lib/gcc/arm-none-eabi/9.3.1/../../../../arm-none-eabi/lib/thumb/v7-m/nofp\libc_nano.a(lib_a-sbrkr.o)
 .ARM.attributes
                0x0000000000000692       0x2d l:/st/stm32cubeide_1.5.1/stm32cubeide/plugins/com.st.stm32cube.ide.mcu.externaltools.gnu-tools-for-stm32.9-2020-q2-update.win32_2.0.0.202105311346/tools/bin/../lib/gcc/arm-none-eabi/9.3.1/../../../../arm-none-eabi/lib/thumb/v7-m/nofp\libc_nano.a(lib_a-sprintf.o)
 .ARM.attributes
                0x00000000000006bf       0x2d l:/st/stm32cubeide_1.5.1/stm32cubeide/plugins/com.st.stm32cube.ide.mcu.externaltools.gnu-tools-for-stm32.9-2020-q2-update.win32_2.0.0.202105311346/tools/bin/../lib/gcc/arm-none-eabi/9.3.1/../../../../arm-none-eabi/lib/thumb/v7-m/nofp\libc_nano.a(lib_a-mlock.o)
 .ARM.attributes
                0x00000000000006ec       0x2d l:/st/stm32cubeide_1.5.1/stm32cubeide/plugins/com.st.stm32cube.ide.mcu.externaltools.gnu-tools-for-stm32.9-2020-q2-update.win32_2.0.0.202105311346/tools/bin/../lib/gcc/arm-none-eabi/9.3.1/../../../../arm-none-eabi/lib/thumb/v7-m/nofp\libc_nano.a(lib_a-nano-svfprintf.o)
 .ARM.attributes
                0x0000000000000719       0x2d l:/st/stm32cubeide_1.5.1/stm32cubeide/plugins/com.st.stm32cube.ide.mcu.externaltools.gnu-tools-for-stm32.9-2020-q2-update.win32_2.0.0.202105311346/tools/bin/../lib/gcc/arm-none-eabi/9.3.1/../../../../arm-none-eabi/lib/thumb/v7-m/nofp\libc_nano.a(lib_a-nano-vfprintf_i.o)
 .ARM.attributes
                0x0000000000000746       0x2d l:/st/stm32cubeide_1.5.1/stm32cubeide/plugins/com.st.stm32cube.ide.mcu.externaltools.gnu-tools-for-stm32.9-2020-q2-update.win32_2.0.0.202105311346/tools/bin/../lib/gcc/arm-none-eabi/9.3.1/../../../../arm-none-eabi/lib/thumb/v7-m/nofp\libc_nano.a(lib_a-reent.o)
 .ARM.attributes
                0x0000000000000773       0x2d l:/st/stm32cubeide_1.5.1/stm32cubeide/plugins/com.st.stm32cube.ide.mcu.externaltools.gnu-tools-for-stm32.9-2020-q2-update.win32_2.0.0.202105311346/tools/bin/../lib/gcc/arm-none-eabi/9.3.1/../../../../arm-none-eabi/lib/thumb/v7-m/nofp\libc_nano.a(lib_a-lock.o)
 .ARM.attributes
                0x00000000000007a0       0x2d l:/st/stm32cubeide_1.5.1/stm32cubeide/plugins/com.st.stm32cube.ide.mcu.externaltools.gnu-tools-for-stm32.9-2020-q2-update.win32_2.0.0.202105311346/tools/bin/../lib/gcc/arm-none-eabi/9.3.1/../../../../arm-none-eabi/lib/thumb/v7-m/nofp\libc_nano.a(lib_a-memchr-stub.o)
 .ARM.attributes
                0x00000000000007cd       0x2d l:/st/stm32cubeide_1.5.1/stm32cubeide/plugins/com.st.stm32cube.ide.mcu.externaltools.gnu-tools-for-stm32.9-2020-q2-update.win32_2.0.0.202105311346/tools/bin/../lib/gcc/arm-none-eabi/9.3.1/../../../../arm-none-eabi/lib/thumb/v7-m/nofp\libc_nano.a(lib_a-memmove.o)
 .ARM.attributes