main.c:122:6:HAL_GPIO_EXTI_Callback	16	static
main.c:129:6:Sentido	16	static
main.c:147:6:Velocidad	16	static
main.c:177:5:main	16	static
main.c:298:6:SystemClock_Config	88	static
main.c:344:13:MX_ADC1_Init	24	static
main.c:410:13:MX_TIM1_Init	96	static
main.c:497:13:MX_USART3_UART_Init	8	static
main.c:528:13:MX_DMA_Init	16	static
main.c:546:13:MX_GPIO_Init	40	static
main.c:612:6:StartModbus	96	static
main.c:648:6:StartADC	24	static
main.c:677:6:StartEncoders	16	static
main.c:707:6:StartControl	16	static
main.c:726:6:HAL_TIM_PeriodElapsedCallback	16	static
main.c:743:6:Error_Handler	4	static,ignoring_inline_asm
